ACFAIL				= CE73, L: SPADDCOLSPR
ACLOOP				= CDF6, L: SPADDCOLSPR
ACNOCRY				= CDE5, L: SPADDCOLSPR
ACNOCRY3			= CE46, L: SPADDCOLSPR
ADJLOOP				= BEF8, L: SPMOVESPRABS
ADJUSTGRAPHICS			= C03B, L: SPMOVESPRABS
APBRANCH1			= 5ED4, L: GAME
APBRANCH2			= 5F17, L: GAME
APBRANCH3			= 5F03, L: GAME
APBRANCH4			= 5EFA, L: GAME
APGET4BITS			= 5EEC, L: GAME
APLOOP				= 5ED9, L: GAME
APLOOP0				= 5ED6, L: GAME
APSKIP2				= 5F36, L: GAME
APSKIP3				= 5F3F, L: GAME
APWRITEBYTE			= 5EF6, L: GAME
AP_FINISHUP			= 5F42, L: GAME
AP_FINISHUP2			= 5F45, L: GAME
AP_GETBIT			= 5F58, L: GAME
AP_GETGAMMA			= 5F64, L: GAME
AP_GETGAMMALOOP			= 5F67, L: GAME
AP_R0_GAMMA			= 5F4C, L: GAME
ATMAXCOUNT			= D0A0, L: SPGETKEY
BAL1				= 8459, L: GAME
BROKEN				= CDA4, L: SPINTRECT
CLEAR				= D797, L: SPUPDATENOW
COLOURSPRITE			= D78D, L: SPUPDATENOW
COMPUTEDISP			= C018, L: SPMOVESPRABS
CONT				= D016, L: SPCREATESPR
CONT1				= D1E8, L: SPINITIALIZE
COPYBUFFER			= D7A2, L: SPUPDATENOW
COUNT				= D05A, L: SPGETKEY
CSENTER				= CFFF, L: SPCREATESPR
CSFAIL1				= D037, L: SPCREATESPR
CSFAIL2				= D039, L: SPCREATESPR
CSLOOP				= CFEB, L: SPCREATESPR
CSNOCRY				= D02D, L: SPCREATESPR
DEPACK				= 5ED1, L: GAME
DIRTYAREA			= D5C1, L: SPUPDATENOW
DIRTYLOOP			= D59B, L: SPUPDATENOW
DONE				= D55D, L: SPREGISTERHOOKLAST
DOSPRITE			= D683, L: SPUPDATENOW
DRAWCHAR			= D631, L: SPUPDATENOW
DRAW_SCR_BACKGROUND_CONTINUE	= 877F, L: GAME
DRAW_SCR_BACKGROUND_LOOP	= 8724, L: GAME
DRAW_SCR_BACKGROUND_NEW_BYTE	= 8736, L: GAME
DRAW_SCR_BACKGROUND_SET_T	= 8749, L: GAME
ENTRY				= BE1F, L: L_DIV_U
ENTRYLP				= D1C4, L: SPINITIALIZE
FADE_OUT_BUCLE			= 817D, L: GAME
FADE_OUT_EXTERN			= 8176, L: GAME
FBSD_BUCLE			= 8D95, L: GAME
FBSD_ESCAPED			= 8D88, L: GAME
FBSD_FIN			= 8DA3, L: GAME
FBSD_GETBIT			= 8D9D, L: GAME
FBSD_MAINB			= 8D72, L: GAME
FBSD_STOR			= 8D80, L: GAME
FBSD_STOR2			= 8D90, L: GAME
FBSD_UNPACKC			= 8D93, L: GAME
GENERICISR			= CF3E, L: SPCREATEGENERICISR
HIDE_SPRITES_ENEMS_LOOP		= 821F, L: GAME
IB1				= CEC0, L: SPADDMEMORY
IB2				= CEC7, L: SPADDMEMORY
INK_DONE			= 8184, L: GAME
INVALIDATE			= C009, L: SPMOVESPRABS
INVCOLLP			= CC8F, L: SPINVALIDATE
INVFULLCHAR			= CCA2, L: SPINVALIDATE
INVROWLP			= CCA4, L: SPINVALIDATE
I_1				= B7AA, L: GAME
I_100				= 8BFF, L: GAME
I_101				= 8C43, L: GAME
I_102				= 8C34, L: GAME
I_103				= 8C37, L: GAME
I_104				= 8C6A, L: GAME
I_105				= 8C6A, L: GAME
I_106				= 8C63, L: GAME
I_107				= 8CA9, L: GAME
I_108				= 8CA9, L: GAME
I_109				= 8CB7, L: GAME
I_110				= 8CCC, L: GAME
I_111				= 8E2F, L: GAME
I_112				= 8E25, L: GAME
I_113				= 8E01, L: GAME
I_114				= 8E25, L: GAME
I_115				= 8E3B, L: GAME
I_116				= 8E59, L: GAME
I_117				= 8F0E, L: GAME
I_118				= 8E98, L: GAME
I_119				= 8EC3, L: GAME
I_12				= 5FF7, L: GAME
I_120				= 8EEB, L: GAME
I_121				= 8EE6, L: GAME
I_122				= 8EDD, L: GAME
I_123_I_122			= 8EE0, L: GAME
I_124				= 8F04, L: GAME
I_125				= 8F01, L: GAME
I_126				= 8F0B, L: GAME
I_127				= 8F14, L: GAME
I_128				= 8F1C, L: GAME
I_129				= 8F6E, L: GAME
I_13				= 6112, L: GAME
I_130				= 8F35, L: GAME
I_131				= 8F6B, L: GAME
I_132				= 8F3F, L: GAME
I_133				= 8FCA, L: GAME
I_134				= 8F78, L: GAME
I_135				= 8FCA, L: GAME
I_135_ULE			= 8F8C, L: GAME
I_136				= 8F82, L: GAME
I_137				= 8F98, L: GAME
I_138				= 8FC7, L: GAME
I_138_ULE			= 8FAC, L: GAME
I_139				= 8FA2, L: GAME
I_14				= 60ED, L: GAME
I_140				= 8FF0, L: GAME
I_141				= 9072, L: GAME
I_142				= 8FFA, L: GAME
I_143				= 90A3, L: GAME
I_144				= 92B6, L: GAME
I_145				= 910B, L: GAME
I_146				= 9111, L: GAME
I_147				= 9169, L: GAME
I_148				= 92B3, L: GAME
I_149				= 917D, L: GAME
I_15				= 600D, L: GAME
I_150				= 91D8, L: GAME
I_151				= 91C8, L: GAME
I_152				= 91CB, L: GAME
I_153				= 920D, L: GAME
I_154				= 920D, L: GAME
I_155				= 91FC, L: GAME
I_156				= 9203, L: GAME
I_157				= 923B, L: GAME
I_158				= 923B, L: GAME
I_159				= 9299, L: GAME
I_160				= 9299, L: GAME
I_161				= 92B0, L: GAME
I_162				= 92E1, L: GAME
I_163				= 934B, L: GAME
I_165				= 934B, L: GAME
I_166				= 92E8, L: GAME
I_167				= 930F, L: GAME
I_168				= 9315, L: GAME
I_169				= 931B, L: GAME
I_17				= 6027, L: GAME
I_170				= 9336, L: GAME
I_171				= 933C, L: GAME
I_172				= 9342, L: GAME
I_173				= 9348, L: GAME
I_174				= 939E, L: GAME
I_175				= 93A3, L: GAME
I_176				= 9427, L: GAME
I_177				= 9445, L: GAME
I_178				= 986E, L: GAME
I_179				= 9472, L: GAME
I_18				= 602A, L: GAME
I_180				= 9614, L: GAME
I_182				= 9611, L: GAME
I_183				= 9480, L: GAME
I_184				= 94A2, L: GAME
I_185				= 94C7, L: GAME
I_186				= 9544, L: GAME
I_187				= 9547, L: GAME
I_188				= 955B, L: GAME
I_189				= 959C, L: GAME
I_19				= 610F, L: GAME
I_190				= 959F, L: GAME
I_191				= 95B0, L: GAME
I_192				= 95F1, L: GAME
I_193				= 95F4, L: GAME
I_194				= 9602, L: GAME
I_195				= 9605, L: GAME
I_196				= 9865, L: GAME
I_197				= 9622, L: GAME
I_198				= 9865, L: GAME
I_20				= 60FE, L: GAME
I_200				= 9862, L: GAME
I_201				= 9630, L: GAME
I_202				= 9670, L: GAME
I_203				= 968C, L: GAME
I_204				= 96A5, L: GAME
I_205				= 96D3, L: GAME
I_206				= 96D9, L: GAME
I_207				= 970B, L: GAME
I_208				= 9722, L: GAME
I_209				= 9789, L: GAME
I_21				= 610F, L: GAME
I_210				= 9727, L: GAME
I_211				= 9786, L: GAME
I_212				= 978F, L: GAME
I_213				= 97C6, L: GAME
I_214				= 97CC, L: GAME
I_215				= 97DE, L: GAME
I_216				= 97E7, L: GAME
I_217				= 97F8, L: GAME
I_218				= 97FB, L: GAME
I_219				= 97FB, L: GAME
I_22				= 610F, L: GAME
I_220				= 9858, L: GAME
I_221				= 985B, L: GAME
I_224				= 98D5, L: GAME
I_225				= 98AA, L: GAME
I_226_I_225			= 98AD, L: GAME
I_227				= 98C1, L: GAME
I_228				= 98C9, L: GAME
I_229				= 991B, L: GAME
I_230				= 98F0, L: GAME
I_231_I_230			= 98F3, L: GAME
I_232				= 9907, L: GAME
I_233				= 990F, L: GAME
I_234				= 9965, L: GAME
I_235				= 9936, L: GAME
I_236_I_235			= 9939, L: GAME
I_237				= 9950, L: GAME
I_238				= 9959, L: GAME
I_239				= 99AF, L: GAME
I_240				= 9980, L: GAME
I_241_I_240			= 9983, L: GAME
I_242				= 999A, L: GAME
I_243				= 99A3, L: GAME
I_244				= 99B7, L: GAME
I_245				= 99D8, L: GAME
I_246				= 9A5F, L: GAME
I_247				= 9A6A, L: GAME
I_248				= 9B8A, L: GAME
I_249				= 9BB8, L: GAME
I_250				= 9BAD, L: GAME
I_251				= 9D06, L: GAME
I_252				= 9D03, L: GAME
I_253				= 9BCF, L: GAME
I_254				= 9CFC, L: GAME
I_255				= 9CF1, L: GAME
I_256				= 9C5D, L: GAME
I_257_I_256			= 9C60, L: GAME
I_258				= 9CF1, L: GAME
I_259				= 9CDA, L: GAME
I_260				= 9CE4, L: GAME
I_261				= 9D0D, L: GAME
I_262				= 9DFE, L: GAME
I_263				= 9F0C, L: GAME
I_264				= 9F0C, L: GAME
I_265				= 9FD7, L: GAME
I_266				= 9F3D, L: GAME
I_267				= 9F40, L: GAME
I_268				= 9F51, L: GAME
I_269_I_268			= 9F54, L: GAME
I_27				= 6172, L: GAME
I_270				= 9F9B, L: GAME
I_271				= 9F98, L: GAME
I_272				= 9FD7, L: GAME
I_273				= 9FD7, L: GAME
I_274				= 9FD7, L: GAME
I_275				= A015, L: GAME
I_276				= A015, L: GAME
I_277				= A051, L: GAME
I_278				= A051, L: GAME
I_279				= A076, L: GAME
I_28				= 61B1, L: GAME
I_280				= A081, L: GAME
I_281				= A0A6, L: GAME
I_282				= A0CC, L: GAME
I_283				= A0DA, L: GAME
I_284				= A0ED, L: GAME
I_285				= A28F, L: GAME
I_286				= A1F0, L: GAME
I_287				= A1D6, L: GAME
I_288				= A1A7, L: GAME
I_29				= 61C1, L: GAME
I_290				= A1ED, L: GAME
I_291				= A1ED, L: GAME
I_292				= A1E6, L: GAME
I_294				= A28F, L: GAME
I_295				= A278, L: GAME
I_296				= A24D, L: GAME
I_298				= A28F, L: GAME
I_299				= A28F, L: GAME
I_30				= 6238, L: GAME
I_300				= A288, L: GAME
I_302				= A2FC, L: GAME
I_303				= A2FF, L: GAME
I_304				= A39F, L: GAME
I_305				= A32A, L: GAME
I_306				= A328, L: GAME
I_308_I_305			= A32D, L: GAME
I_309				= A39F, L: GAME
I_31				= 61C6, L: GAME
I_310				= A40C, L: GAME
I_311				= A3B2, L: GAME
I_312_I_311			= A3B5, L: GAME
I_313				= A3F6, L: GAME
I_314				= A40C, L: GAME
I_315				= A421, L: GAME
I_316				= A4EC, L: GAME
I_317				= A452, L: GAME
I_318				= A455, L: GAME
I_319				= A466, L: GAME
I_32				= 6200, L: GAME
I_320_I_319			= A469, L: GAME
I_321				= A4B0, L: GAME
I_322				= A4AD, L: GAME
I_323				= A4EC, L: GAME
I_324				= A4EC, L: GAME
I_325				= A4EC, L: GAME
I_326				= A529, L: GAME
I_327				= A529, L: GAME
I_328				= A563, L: GAME
I_329				= A563, L: GAME
I_33				= 6207, L: GAME
I_330				= A588, L: GAME
I_331				= A596, L: GAME
I_332				= A5A9, L: GAME
I_333				= A74F, L: GAME
I_334				= A6AC, L: GAME
I_335				= A692, L: GAME
I_336				= A663, L: GAME
I_338				= A6A9, L: GAME
I_339				= A6A9, L: GAME
I_34				= 6277, L: GAME
I_340				= A6A2, L: GAME
I_342				= A74F, L: GAME
I_343				= A738, L: GAME
I_344				= A709, L: GAME
I_346				= A74F, L: GAME
I_347				= A74F, L: GAME
I_348				= A748, L: GAME
I_35				= 626D, L: GAME
I_350				= A7D7, L: GAME
I_351				= A785, L: GAME
I_352				= A788, L: GAME
I_353				= A7AE, L: GAME
I_354_I_353			= A7B1, L: GAME
I_355				= A7D7, L: GAME
I_356				= A811, L: GAME
I_357				= A7FC, L: GAME
I_358				= A7FF, L: GAME
I_359				= A841, L: GAME
I_36				= 627E, L: GAME
I_360				= A869, L: GAME
I_361				= A869, L: GAME
I_362				= A88C, L: GAME
I_363				= A88C, L: GAME
I_364				= A882, L: GAME
I_365_I_364			= A885, L: GAME
I_366				= A98E, L: GAME
I_367				= A93B, L: GAME
I_368_I_367			= A93E, L: GAME
I_369				= A956, L: GAME
I_370				= A98B, L: GAME
I_371				= A97F, L: GAME
I_372				= A995, L: GAME
I_373				= AA51, L: GAME
I_374				= AB47, L: GAME
I_375				= AA5B, L: GAME
I_376				= AAC6, L: GAME
I_377				= AB30, L: GAME
I_378				= AAF7, L: GAME
I_379_I_378			= AAFA, L: GAME
I_381				= AB2D, L: GAME
I_382				= AB2C, L: GAME
I_383				= AB2D, L: GAME
I_384				= AB44, L: GAME
I_385				= AB6F, L: GAME
I_386				= AF2F, L: GAME
I_387				= AB79, L: GAME
I_389				= AE21, L: GAME
I_39				= 80FC, L: GAME
I_390				= AC69, L: GAME
I_391				= AC7C, L: GAME
I_392				= AC83, L: GAME
I_393				= ACCE, L: GAME
I_394				= AD41, L: GAME
I_395				= AD19, L: GAME
I_396				= AD1C, L: GAME
I_397				= AD3E, L: GAME
I_398				= ADCC, L: GAME
I_399				= ADCC, L: GAME
I_40				= 8103, L: GAME
I_400				= ADBD, L: GAME
I_401				= ADB3, L: GAME
I_402				= ADB6, L: GAME
I_403				= ADC0, L: GAME
I_404				= ADE7, L: GAME
I_405				= ADF1, L: GAME
I_406				= AE21, L: GAME
I_407				= AE0A, L: GAME
I_408_I_407			= AE0D, L: GAME
I_409				= AEF8, L: GAME
I_41				= 815C, L: GAME
I_410				= AE67, L: GAME
I_411				= AEF8, L: GAME
I_414				= B03B, L: GAME
I_415				= B058, L: GAME
I_416				= B074, L: GAME
I_417				= B0B8, L: GAME
I_418				= B126, L: GAME
I_419				= B476, L: GAME
I_42				= 8140, L: GAME
I_420				= B13E, L: GAME
I_421				= B175, L: GAME
I_422				= B175, L: GAME
I_423				= B16D, L: GAME
I_424				= B175, L: GAME
I_425				= B189, L: GAME
I_426				= B1AF, L: GAME
I_427				= B1DB, L: GAME
I_428				= B34F, L: GAME
I_429				= B362, L: GAME
I_43				= 8147, L: GAME
I_430				= B37B, L: GAME
I_431				= B43E, L: GAME
I_432				= B3E4, L: GAME
I_432_I_433			= B3EB, L: GAME
I_433				= B3E6, L: GAME
I_434				= B42A, L: GAME
I_435				= B404, L: GAME
I_435_I_436			= B40B, L: GAME
I_436				= B406, L: GAME
I_437				= B420, L: GAME
I_438				= B423, L: GAME
I_439				= B42D, L: GAME
I_44				= 815F, L: GAME
I_440				= B455, L: GAME
I_441				= B44E, L: GAME
I_443				= B470, L: GAME
I_444				= B485, L: GAME
I_445				= B57E, L: GAME
I_446				= B4DD, L: GAME
I_447				= B578, L: GAME
I_449				= B575, L: GAME
I_45				= 81B4, L: GAME
I_450				= B4EF, L: GAME
I_451				= B507, L: GAME
I_452				= B51F, L: GAME
I_453				= B53C, L: GAME
I_454				= B54B, L: GAME
I_455				= B605, L: GAME
I_456				= B60F, L: GAME
I_457				= B5E2, L: GAME
I_458				= B67C, L: GAME
I_459				= B71F, L: GAME
I_46				= 81D2, L: GAME
I_460				= B686, L: GAME
I_47				= 81CB, L: GAME
I_48				= 81D2, L: GAME
I_49				= 81E4, L: GAME
I_50				= 81E9, L: GAME
I_51				= 821E, L: GAME
I_52				= 8267, L: GAME
I_53				= 8271, L: GAME
I_54				= 824A, L: GAME
I_55				= 8267, L: GAME
I_56				= 8261, L: GAME
I_57_I_56			= 8264, L: GAME
I_58				= 82AA, L: GAME
I_60				= 840B, L: GAME
I_61				= 8448, L: GAME
I_63				= 851F, L: GAME
I_64				= 8508, L: GAME
I_65				= 8522, L: GAME
I_66				= 8652, L: GAME
I_67				= 8679, L: GAME
I_68				= 87E5, L: GAME
I_69				= 87E5, L: GAME
I_70				= 87F6, L: GAME
I_71				= 87F9, L: GAME
I_74				= 88CE, L: GAME
I_75				= 891B, L: GAME
I_76				= 88D8, L: GAME
I_77				= 893A, L: GAME
I_78				= 8982, L: GAME
I_79				= 8944, L: GAME
I_80				= 89AA, L: GAME
I_81				= 8AA7, L: GAME
I_82				= 89B4, L: GAME
I_83				= 89CB, L: GAME
I_84				= 8AA0, L: GAME
I_85				= 89D5, L: GAME
I_86				= 8A9D, L: GAME
I_87				= 8ABA, L: GAME
I_88				= 8ACD, L: GAME
I_89				= 8AF8, L: GAME
I_90				= 8AD7, L: GAME
I_91				= 8B2A, L: GAME
I_92				= 8BB9, L: GAME
I_93				= 8B34, L: GAME
I_94				= 8B73, L: GAME
I_95				= 8B6C, L: GAME
I_96				= 8B73, L: GAME
I_97				= 8BB6, L: GAME
I_98				= 8BDF, L: GAME
I_99				= 8CCF, L: GAME
JKLOOP				= D468, L: SPJOYKEYBOARD
JPHL				= D042, L: SPCREATESPR
JPHL				= CF59, L: SPCREATEGENERICISR
JPHL				= CE9E, L: SPDELETESPR
JPHL				= CE84, L: SPADDCOLSPR
K2T_BAL1			= 88B4, L: GAME
KEEPGOING			= 5EC8, L: GAME
KEMPTBL				= D42D, L: SPJOYKEMPSTON
KEYOK				= D054, L: SP_GETKEY
KEYROWLOOP			= D07A, L: SPGETKEY
LOADNOROTATE			= D88B, L: SPUPDATENOW
LOADTYPE			= D81D, L: SPUPDATENOW
LOOP				= D552, L: SPREGISTERHOOKLAST
LOOP				= D1E0, L: SPINITIALIZE
LOOP				= CE89, L: SPDELETESPR
L_AND				= BDF9, G: L_AND
L_ASL				= BE00, G: L_ASL
L_ASL1				= BE01, L: L_ASL
L_ASR				= BE07, G: L_ASR
L_ASR1				= BE08, L: L_ASR
L_ASR_U				= BE11, G: L_ASR_U
L_ASR_U_1			= BE12, L: L_ASR_U
L_DIV1				= BE26, L: L_DIV_U
L_DIV2				= BE30, L: L_DIV_U
L_DIV_U				= BE1B, G: L_DIV_U
L_EQ				= BE3A, G: L_EQ
L_GCHAR				= BE41, G: L_GCHAR
L_GE				= BE47, G: L_GE
L_GINT				= BE55, G: L_GINT
L_GINTSPSP			= BE5A, G: L_GINTSPSP
L_GT				= BE63, G: L_GT
L_LE				= BE6F, G: L_LE
L_LNEG				= BE7D, G: L_LNEG
L_LT				= BE82, G: L_LT
L_MULT				= BE8E, G: L_MULT
L_MULT1				= BE95, L: L_MULT
L_MULT2				= BE9C, L: L_MULT
L_NE				= BE9F, G: L_NE
L_NEG				= BEA6, G: L_NEG
L_OR				= BEAE, G: L_OR
L_PINT				= BEB5, G: L_PINT
L_SXT				= BEBB, G: L_SXT
L_SXT				= BE42, L: L_GCHAR
L_UGE				= BEC0, G: L_UGE
L_ULE				= BEC8, G: L_ULE
L_ULT				= BED0, G: L_ULT
L_XOR				= BED6, G: L_XOR
MAINLOOP_SCRIPTING_ACTION_NOT_P	= B394, L: GAME
MAINLOOP_SCRIPTING_ACTION_PRESS	= B398, L: GAME
MAINLOOP_SCRIPTING_FIREZONE_DON	= B3C8, L: GAME
MASKNOROTATE			= D7D2, L: SPUPDATENOW
MVCOLLOOP			= BF45, L: SPMOVESPRABS
MVROWLOOP			= BF4B, L: SPMOVESPRABS
NEXTSCANROW			= D08F, L: SPGETKEY
NOADD				= D1F2, L: SPINITIALIZE
NOCAPS				= D4C9, L: SPKEYPRESSED
NOCAPS				= D0CD, L: SPGETKEY
NODEC1				= BFD5, L: SPMOVESPRABS
NOFIRE				= D468, L: SPJOYKEYBOARD
NOINC				= D57D, L: SPTILEENTRY
NOINC				= D189, L: SPTBLLOOKUP
NOINC1				= D5B3, L: SPUPDATENOW
NOINC1				= CE32, L: SPADDCOLSPR
NOINC1				= CC8B, L: SPINVALIDATE
NOINC1				= BF6D, L: SPMOVESPRABS
NOINC10				= D66A, L: SPUPDATENOW
NOINC11				= D60D, L: SPUPDATENOW
NOINC2				= CC9E, L: SPINVALIDATE
NOINC2				= BFA6, L: SPMOVESPRABS
NOINC3				= CCAF, L: SPINVALIDATE
NOINC3				= BFC7, L: SPMOVESPRABS
NOINC4				= BFE1, L: SPMOVESPRABS
NOINC5				= C047, L: SPMOVESPRABS
NOKEYS				= D0DB, L: SPGETKEY
NOMORESPRITES			= D7C4, L: SPUPDATENOW
NONEXT1				= BF81, L: SPMOVESPRABS
NONEXT2				= BFEE, L: SPMOVESPRABS
NOPRESS				= D473, L: SPJOYKEYBOARD
NOPRESS				= D08A, L: SPGETKEY
NOSYM				= D4D5, L: SPKEYPRESSED
NOSYM				= D0D8, L: SPGETKEY
NOTACROSSBLK1			= D5AB, L: SPUPDATENOW
NOTACROSSBLK2			= D5FB, L: SPUPDATENOW
NOTCOMPRESS			= D011, L: SPCREATESPR
NOTDISPLAYED			= BFEE, L: SPMOVESPRABS
NOTDONE				= BF55, L: SPMOVESPRABS
NOTINDLIST			= BF81, L: SPMOVESPRABS
NOTLOAD				= D65F, L: SPUPDATENOW
NOTNEGATIVE			= C036, L: SPMOVESPRABS
ORNOROTATE			= D9E8, L: SPUPDATENOW
ORTYPE				= D962, L: SPUPDATENOW
PAPER_DONE			= 818C, L: GAME
PDLOOP				= BF9E, L: SPMOVESPRABS
PLAYER_MOVE_CONVEYORS_BEH_DONE	= 9ED3, L: GAME
PLAYER_MOVE_CONVEYORS_BEH_NOT0	= 9EB8, L: GAME
PLAYER_MOVE_CONVEYORS_BEH_NOT1	= 9EC3, L: GAME
PLAYER_MOVE_CONVEYORS_BEH_NOT2	= 9ECE, L: GAME
PLAYER_MOVE_CONVEYORS_DONE	= 9ED8, L: GAME
PLAYER_MOVE_P_STATE_DONE	= 9E62, L: GAME
PLAYER_MOVE_P_STATE_SET_NORMAL	= 9E54, L: GAME
PLAYER_MOVE_P_STATE_ZERO_DONE	= 9E58, L: GAME
PLAYER_MOVING_FACING_DONE	= A760, L: GAME
PLAYER_MOVING_FACING_SEL_NOT_H	= A756, L: GAME
PLAYER_MOVING_FACING_SET	= A75D, L: GAME
POPREG				= CF6C, L: SPCREATEGENERICISR
POSITION			= CF41, L: SPCREATEGENERICISR
PTPL1				= 8D01, L: GAME
PTPL2				= 8D05, L: GAME
PTPL3				= 8D29, L: GAME
PUSHREG				= CF4A, L: SPCREATEGENERICISR
PUTHERE				= BFB8, L: SPMOVESPRABS
REENTER				= D5B3, L: SPUPDATENOW
RESTISR				= 5EC4, L: GAME
RND				= 5FB8, L: GAME
ROTLP				= D1C7, L: SPINITIALIZE
ROTTBLLP			= D1BD, L: SPINITIALIZE
RUNHOOKS			= CF5A, L: SPCREATEGENERICISR
SCANLOOP			= D076, L: SPGETKEY
SETRAMBANK			= 5EB9, L: GAME
SINC1TBL			= D48D, L: SPJOYSINCLAIR1
SKIP				= D0B7, L: SPGETKEY
SKIP1				= C057, L: SPMOVESPRABS
SKIP2				= C067, L: SPMOVESPRABS
SPADDCOLSPR			= CDDA, G: SPADDCOLSPR
SPADDMEMORY			= CEB8, G: SPADDMEMORY
SPALLOC				= CF09, G: SPBLOCKALLOC
SPBIT2MASK			= D50B, G: SPBIT2MASK
SPBITLEFT2MASK			= CCBD, G: SPBITLEFT2MASK
SPBITRIGHT2MASK			= CCC5, G: SPBITRIGHT2MASK
SPBLOCKALLOC			= CEFF, G: SPBLOCKALLOC
SPBORDER			= CF24, G: SPBORDER
SPBORDERCLR			= CF23, G: SPBORDER
SPCOMPDIRTYADDR			= CCCD, G: SPCOMPDIRTYADDR
SPCOMPDLISTADDR			= D513, G: SPCOMPDLISTADDR
SPCREATEGENERICISR		= CF35, G: SPCREATEGENERICISR
SPCREATESPR			= CF9A, G: SPCREATESPR
SPDELETESPR			= CE85, G: SPDELETESPR
SPDIRTYCHARS			= CCE2, G: SPDIRTYCHARS
SPDISPLAYLIST			= C06A, G: SPDISPLAYLIST
SPDSLOOP			= CE96, G: SPDELETESPR
SPFB1				= CED9, G: SPFREEBLOCK
SPFB2				= CEE4, G: SPFREEBLOCK
SPFREEBLOCK			= CED4, G: SPFREEBLOCK
SPGETKEY			= D06F, G: SPGETKEY
SPINITIALIZE			= D197, G: SPINITIALIZE
SPINITIM2			= D405, G: SPINITIM2
SPINKEY				= D05E, G: SPGETKEY
SPINTRECT			= CD42, G: SPINTRECT
SPINTSMALLIVAL			= CD73, G: SPINTRECT
SPINVALIDATE			= CC6A, G: SPINVALIDATE
SPINVALIDATEP			= CC72, G: SPINVALIDATE
SPJOYKEMPSTON			= D422, G: SPJOYKEMPSTON
SPJOYKEYBOARD			= D45B, G: SPJOYKEYBOARD
SPJOYSINCLAIR1			= D481, G: SPJOYSINCLAIR1
SPKEYDEBOUNCE			= D05B, G: SPGETKEY
SPKEYPRESSED			= D4BD, G: SPKEYPRESSED
SPKEYREPEATPERIOD		= D05D, G: SPGETKEY
SPKEYSTARTREPEAT		= D05C, G: SPGETKEY
SPKEYTRANSTBL			= D0E3, G: SPKEYTRANSTBL
SPMOVESPRABS			= BEDF, G: SPMOVESPRABS
SPMOVESPRABSC			= BF06, G: SPMOVESPRABS
SPMOVESPRABSNC			= BEED, G: SPMOVESPRABS
SPNULLSPRPTR			= CDAB, G: SPNULLSPRPTR
SPPRINTATINV			= D4F3, G: SPPRINTATINV
SPPTINSMALLIVAL			= CD98, G: SPINTRECT
SPQUEUETABLE			= CEEF, G: SPQUEUETABLE
SPREGISTERHOOK			= D549, G: SPREGISTERHOOKLAST
SPREGISTERHOOKLAST		= D549, G: SPREGISTERHOOKLAST
SPRITELOOP			= D67F, L: SPUPDATENOW
SPTBLLOOKUP			= D183, G: SPTBLLOOKUP
SPTILEARRAY			= D1FA, G: SPTILEARRAY
SPTILEENTRY			= D574, G: SPTILEENTRY
SPUPDATENOW			= D592, G: SPUPDATENOW
SPWAITFORNOKEY			= DA1E, G: SPWAITFORNOKEY
SP_ADDCOLSPR			= CDBB, G: SP_ADDCOLSPR
SP_ADDMEMORY			= CE9F, G: SP_ADDMEMORY
SP_BLOCKALLOC			= CEF1, G: SP_BLOCKALLOC
SP_BORDER			= CF1A, G: SP_BORDER
SP_CREATEGENERICISR		= CF2C, G: SP_CREATEGENERICISR
SP_CREATESPR			= CF7D, G: SP_CREATESPR
SP_FREEBLOCK			= D043, G: SP_FREEBLOCK
SP_GETKEY			= D04E, G: SP_GETKEY
SP_INITIALIZE			= D18B, G: SP_INITIALIZE
SP_INITIM2			= D3FA, G: SP_INITIM2
SP_JOYKEMPSTON			= D41B, G: SP_JOYKEMPSTON
SP_JOYKEYBOARD			= D44D, G: SP_JOYKEYBOARD
SP_JOYSINCLAIR1			= D47A, G: SP_JOYSINCLAIR1
SP_KEYPRESSED			= D4AD, G: SP_KEYPRESSED
SP_PRINTATINV			= D4E1, G: SP_PRINTATINV
SP_REGISTERHOOK			= D524, G: SP_REGISTERHOOK
SP_REGISTERHOOKLAST		= D53A, G: SP_REGISTERHOOKLAST
SP_TILEARRAY			= D566, G: SP_TILEARRAY
SP_UPDATENOW			= D585, G: SP_UPDATENOW
SP_WAITFORNOKEY			= DA1A, G: SP_WAITFORNOKEY
START				= 5E88, L: ZX82_CRT0
STATE				= D059, L: SPGETKEY
TEMPCOLOUR			= D591, L: SPUPDATENOW
TEMPGRAPHIC			= D589, L: SPUPDATENOW
TILEONLY			= D602, L: SPUPDATENOW
TOOMANYKEYS			= D0DB, L: SPGETKEY
TRYOTHERWAY			= CD87, L: SPINTRECT
UPDATE_SPRITES_BADDIES_LOOP	= B1EF, L: GAME
UPDATE_SPRITES_BADDIES_PIXEL_SH	= B227, L: GAME
UPDATE_SPRITES_PLAYER		= B2A4, L: GAME
UPDATE_SPRITES_PLAYER_DO	= B2D5, L: GAME
UPDATE_SPRITES_PLAYER_ELSE	= B2CA, L: GAME
USERTILE			= D1F5, L: SPINITIALIZE
VPCLIPSTRUCT			= 5E9F, L: GAME
XINSCREEN			= BF2E, L: SPMOVESPRABS
XORNOROTATE			= D930, L: SPUPDATENOW
XORTYPE				= D8AA, L: SPUPDATENOW
YINSCREEN			= BF1E, L: SPMOVESPRABS
_ABS				= 81D3, G: GAME
_ACTION_PRESSED			= BDB5, G: GAME
_ACTIVE				= BA0D, G: GAME
_ACTIVE_SLEEP			= 824A, G: GAME
_ADDONS_BETWEEN			= 80DE, G: GAME
_ADDSIGN			= 819E, G: GAME
_ANIMATE			= BDBE, G: GAME
_ARROW_SPRITES			= 7F96, G: GAME
_ASM_INT			= 5E8E, G: GAME
_ASM_INT_2			= 5E90, G: GAME
_BADDIES			= 7B56, G: GAME
_BEHS				= 7D36, G: GAME
_BLACKOUT_AREA			= 8449, G: GAME
_BUTTON_PRESSED			= 84EF, G: GAME
_CONTINUE_ENEMS_LOOP_A		= AEF8, L: GAME
_CORTINA			= 8174, G: GAME
_CTIMER				= BA40, G: GAME
_CUR_MAP_ATTR			= 5EA7, G: GAME
_DISPLAY_ITEMS			= 61B2, G: GAME
_DO_EXTERN_ACTION		= 92B7, G: GAME
_DO_GRAVITY			= 5EA5, G: GAME
_DO_INVENTORY_FIDDLING		= 6239, G: GAME
_DO_RESPAWN			= BA19, G: GAME
_DRAW_COLOURED_TILE		= 8304, G: GAME
_DRAW_COLOURED_TILE_GAMEAREA	= 83DD, G: GAME
_DRAW_CURSOR			= 6122, G: GAME
_DRAW_SCR			= 8792, G: GAME
_DRAW_SCR_BACKGROUND		= 86C0, G: GAME
_DYNAMIC_MEMORY_POOL		= BA89, G: GAME
_D_PRS				= 5EA8, G: GAME
_ENEMS_ANIMATE_CHANGE_FRAME_DON	= AE67, L: GAME
_ENEMS_COLLISION		= AEA5, L: GAME
_ENEMS_COLLISION_NO_PIXEL_SHIFT	= AEB1, L: GAME
_ENEMS_COLLISION_SKIP		= AEF8, L: GAME
_ENEMS_GENERAL_DYING_DONE	= AC17, L: GAME
_ENEMS_INIT			= AA47, G: GAME
_ENEMS_LM_CHANGE_AXIS_X		= ACA3, L: GAME
_ENEMS_LM_CHANGE_AXIS_X_DONE	= ACAB, L: GAME
_ENEMS_LM_CHANGE_AXIS_Y		= ACC3, L: GAME
_ENEMS_LM_CHANGE_AXIS_Y_DONE	= ACCB, L: GAME
_ENEMS_MOVE			= AB48, G: GAME
_ENEMS_MOVE_PREGOTTEN_NOT	= AC4D, L: GAME
_ENEMS_MOVE_PREGOTTEN_SET	= AC4E, L: GAME
_ENEMS_PLATFORMS_25D_DONE	= AEA5, L: GAME
_ENEMY_KILL			= AA1E, G: GAME
_ENEMY_SHOOTS			= BDB7, G: GAME
_ENEM_FRAMES			= 987F, G: GAME
_ENOFFS				= BA3E, G: GAME
_ENOFFSMASI			= BDDE, G: GAME
_EN_AN_BASE_FRAME		= B81F, G: GAME
_EN_AN_COUNT			= BDF2, G: GAME
_EN_AN_C_F			= B827, G: GAME
_EN_AN_FRAME			= BDEC, G: GAME
_EN_AN_N_F			= B8BA, G: GAME
_EN_AN_STATE			= B833, G: GAME
_FLAGS				= B836, G: GAME
_FLICK_SCREEN			= 988F, G: GAME
_FO_ADD				= 99E0, G: GAME
_FO_AU				= B8B6, G: GAME
_FO_CLEAR			= 99B0, G: GAME
_FO_DO				= 9BB9, G: GAME
_FO_GP				= B8B8, G: GAME
_FO_IDX				= BA29, G: GAME
_FO_IT				= B8C0, G: GAME
_FO_PAINT			= 9A2C, G: GAME
_FO_PAINT_ALL			= 9B83, G: GAME
_FO_ST				= B8C4, G: GAME
_FO_UNPAINT			= 9AEB, G: GAME
_FO_X				= BA4F, G: GAME
_FO_Y				= BA54, G: GAME
_FZX1				= BA5E, G: GAME
_FZX2				= BA5F, G: GAME
_FZY1				= BA60, G: GAME
_FZY2				= BA61, G: GAME
_F_O_S				= B807, G: GAME
_F_O_T				= B7FF, G: GAME
_F_O_X				= B80F, G: GAME
_F_O_Y				= B817, G: GAME
_F_ZONE_AC			= BA88, G: GAME
_GAME_DO			= B485, G: GAME
_GAME_LOOP			= B0AA, G: GAME
_GEN_PT				= BA24, G: GAME
_GET_RESOURCE			= 62C1, G: GAME
_GPAUX				= B96C, G: GAME
_GPC				= BDC3, G: GAME
_GPCX				= BA62, G: GAME
_GPCY				= BA67, G: GAME
_GPD				= BDC4, G: GAME
_GPEN_CX			= B7F9, G: GAME
_GPEN_CY			= B7FA, G: GAME
_GPEN_X				= BA47, G: GAME
_GPEN_XX			= B82D, G: GAME
_GPEN_Y				= BA48, G: GAME
_GPEN_YY			= B82E, G: GAME
_GPIT				= BA68, G: GAME
_GPJT				= BA69, G: GAME
_GPS				= BDC9, G: GAME
_GPT				= BDCA, G: GAME
_GP_GEN				= BA35, G: GAME
_HALF_LIFE			= 5EA3, G: GAME
_HIDE_SPRITES			= 81EA, G: GAME
_HIT				= BDC6, G: GAME
_HITTER_C_F			= BA22, G: GAME
_HITTER_DO			= AFFD, G: GAME
_HITTER_FRAME			= BDEF, G: GAME
_HITTER_HIT			= BA32, G: GAME
_HITTER_N_F			= BA2F, G: GAME
_HITTER_ON			= B8C3, G: GAME
_HITTER_TYPE			= B7F8, G: GAME
_HITTER_X			= BA52, G: GAME
_HITTER_Y			= BA53, G: GAME
_HIT_H				= B8C6, G: GAME
_HIT_V				= B968, G: GAME
_HOFFS_X			= AFEF, G: GAME
_HOFFS_Y			= AFF6, G: GAME
_HOTSPOT_X			= B824, G: GAME
_HOTSPOT_Y			= B825, G: GAME
_INIT_PLAYER			= 9D0E, G: GAME
_INVALIDATE_FIRE		= 5EA6, G: GAME
_ISR				= 5EAB, G: GAME
_ISR_C				= BA13, G: GAME
_ITEMS				= BA14, G: GAME
_ITS_IT				= BDBB, G: GAME
_ITS_P				= BA17, G: GAME
_JOYFUNC			= BA59, G: GAME
_K2T_CLS			= 8998, G: GAME
_K2T_CODE			= 889C, G: GAME
_K2T_COLOR			= BA28, G: GAME
_K2T_CURSOR			= B7F1, G: GAME
_K2T_DISPLAY_PORTRAIT		= 8CD3, G: GAME
_K2T_DO_MENU			= 8BBA, G: GAME
_K2T_EFFECT			= 8AA8, G: GAME
_K2T_END_OF_CONVERSATION	= 8FE2, G: GAME
_K2T_FLAG			= 889D, G: GAME
_K2T_GPP			= BA55, G: GAME
_K2T_I				= BDE1, G: GAME
_K2T_INIT			= 8FCE, G: GAME
_K2T_IS_CUTSCENE		= 889E, G: GAME
_K2T_LAST_CHARACTER		= BDF5, G: GAME
_K2T_LAST_KEY			= B967, G: GAME
_K2T_LENGTH			= BDF8, G: GAME
_K2T_MENU_DISPLAY		= 8AF9, G: GAME
_K2T_MENU_TEXT			= 886C, G: GAME
_K2T_PRINT_LIMITED_TEXT		= 88C4, G: GAME
_K2T_PTR			= BA79, G: GAME
_K2T_SELECTED			= BDF1, G: GAME
_K2T_SHOW_ITEMS			= 8FE6, G: GAME
_K2T_SHOW_TEXT			= 8D39, G: GAME
_K2T_SHOW_TIME			= 8983, G: GAME
_K2T_SHOW_TIME_PRX_PRY		= 891C, G: GAME
_K2T_STEPBYSTEP			= BDDF, G: GAME
_K2T_STORAGE			= 9073, G: GAME
_K2T_TIME			= BA0E, G: GAME
_K2T_TINT			= 88AD, G: GAME
_K2T_TINT_MIDDLE_THIRD		= 889F, G: GAME
_K2T_X				= BDE4, G: GAME
_K2T_X0				= BDBC, G: GAME
_K2T_Y				= BDE5, G: GAME
_KEYS				= BA6F, G: GAME
_KEYSCANCODES			= 5FDF, G: GAME
_KEYS_OLD			= BDD6, G: GAME
_KEY_FIRE			= BA45, G: GAME
_KEY_JUMP			= BA63, G: GAME
_KEY_Z				= BA0F, G: GAME
_KEY_Z_PRESSED			= 6121, G: GAME
_KILLABLE			= BA3D, G: GAME
_KILLED_OLD			= B969, G: GAME
_LEVEL				= 5EA4, G: GAME
_LEVELS				= 80B6, G: GAME
_LEVEL_DATA			= 6356, G: GAME
_LIFE_OLD			= BA20, G: GAME
_LOAD_SUBTILESET		= 8525, G: GAME
_MAIN				= B57F, G: GAME
_MAINCOUNTER			= BA82, G: GAME
_MAINLOOP_SCRIPTING		= B37E, L: GAME
_MAIN_SCRIPT_OFFSET		= BA6B, G: GAME
_MAP				= 6366, G: GAME
_MAP_ATTR			= B96D, G: GAME
_MAP_ATTRS			= 6816, G: GAME
_MAP_BUFF			= B8C7, G: GAME
_MAP_POINTER			= B82F, G: GAME
_MLPLAYING			= BA1F, G: GAME
_MY_MALLOC			= 5E92, G: GAME
_NEXT_SCRIPT			= BDBF, G: GAME
_NOSOUND_PLAY_MUSIC		= 5EB7, G: GAME
_NOSOUND_PLAY_SOUND		= 5EB6, G: GAME
_NOSOUND_STOP_SOUND		= 5EB8, G: GAME
_NO_DRAW			= BA26, G: GAME
_N_PANT				= BA4D, G: GAME
_OBJS_OLD			= BA81, G: GAME
_OFFS_ATTR			= BA4A, G: GAME
_OFFS_BEHS			= BA37, G: GAME
_ORIG_TILE			= BDEB, G: GAME
_O_PANT				= BA50, G: GAME
_PAD				= BDC7, G: GAME
_PLAYER_FRAMES			= 986F, G: GAME
_PLAYER_KILL			= 9DB1, G: GAME
_PLAYER_MOVE			= 9E2E, G: GAME
_PLAYER_MOVE_AF_DONE		= AA1D, L: GAME
_PLAYER_MOVE_AF_FLOOR		= A9D0, L: GAME
_PLAYER_MOVE_AF_FLOOR_MOVING	= A9E9, L: GAME
_PLAYER_MOVE_AF_HOLED_SET	= A9B3, L: GAME
_PLAYER_MOVE_AF_INCFRAME_DONE	= AA00, L: GAME
_PLAYER_MOVE_AF_NOT_HOLED	= A9B8, L: GAME
_PLAYER_MOVE_AF_SET		= AA16, L: GAME
_PLAYE_MOVE_AF_HOLED_FALLING	= A9A8, L: GAME
_PLAYING			= BA65, G: GAME
_POSSEE				= BDEA, G: GAME
_PREGOTTEN			= B8C5, G: GAME
_PREPARE_LEVEL			= AF6A, G: GAME
_PRINT_DIGITH			= 861B, G: GAME
_PRINT_MESSAGE			= 84AC, G: GAME
_PRINT_NUMBER2			= 82AD, G: GAME
_PRINT_NUMBERH			= 867A, G: GAME
_PRINT_STR			= 840B, G: GAME
_PRX				= BDDB, G: GAME
_PRXX				= BDB8, G: GAME
_PRY				= BDDC, G: GAME
_PRYY				= BDBA, G: GAME
_PT1				= BDC1, G: GAME
_PT2				= BDC2, G: GAME
_PTGMX				= BA2C, G: GAME
_PTGMY				= BA2D, G: GAME
_PTX1				= BA83, G: GAME
_PTX2				= BA84, G: GAME
_PTY1				= BA85, G: GAME
_PTY2				= BA86, G: GAME
_PTY3				= BA87, G: GAME
_P_AX				= BA5B, G: GAME
_P_CT_HOLE			= BDC8, G: GAME
_P_C_F				= B8C1, G: GAME
_P_DISPARANDO			= BDF6, G: GAME
_P_ENGINE			= BA21, G: GAME
_P_FACING			= B8B7, G: GAME
_P_FACING_H			= BDE6, G: GAME
_P_FACING_V			= BDE8, G: GAME
_P_FRAME			= B8B9, G: GAME
_P_G				= BDC5, G: GAME
_P_GOTTEN			= BA5D, G: GAME
_P_HITTING			= B826, G: GAME
_P_JMP_CT			= BA4C, G: GAME
_P_JMP_FACING			= BA2E, G: GAME
_P_JMP_ON			= BA4E, G: GAME
_P_KEYS				= BA66, G: GAME
_P_KILLME			= BA49, G: GAME
_P_LIFE				= BA51, G: GAME
_P_N_F				= B96A, G: GAME
_P_OBJS				= BA5C, G: GAME
_P_RX				= BA7B, G: GAME
_P_SAFE_PANT			= BDF7, G: GAME
_P_SAFE_X			= BA57, G: GAME
_P_SAFE_Y			= BA58, G: GAME
_P_STATE			= BA27, G: GAME
_P_STATE_CT			= BDBD, G: GAME
_P_SUBFRAME			= BDB9, G: GAME
_P_THRUST			= BDE9, G: GAME
_P_VX				= BA7E, G: GAME
_P_VY				= BA7F, G: GAME
_P_VZ				= BA80, G: GAME
_P_X				= BDCE, G: GAME
_P_Y				= BDD0, G: GAME
_P_Z				= BDD2, G: GAME
_RAM_ADDRESS			= 5F74, G: GAME
_RAM_DESTINATION		= 5F76, G: GAME
_RAM_PAGE			= 5F78, G: GAME
_RAND				= 5FB8, G: GAME
_RANDRES			= 5FB7, G: GAME
_RDA				= BDCB, G: GAME
_RDB				= BDCC, G: GAME
_RDC				= BDCD, G: GAME
_RDD				= BDD4, G: GAME
_RDE				= BDD5, G: GAME
_RDINT				= BA1B, G: GAME
_RDS				= BDD7, G: GAME
_RDX				= BDD8, G: GAME
_RDY				= BDD9, G: GAME
_RDZ				= BDDA, G: GAME
_READXY				= 93A6, G: GAME
_READ_BYTE			= 934C, G: GAME
_READ_OFFSET			= 62FB, G: GAME
_READ_VBYTE			= 9375, G: GAME
_RELOC_PLAYER			= 93CD, G: GAME
_RESOURCES			= 627F, G: GAME
_RUN_ENTERING_SCRIPT		= B075, G: GAME
_RUN_FIRE_SCRIPT		= B08F, G: GAME
_RUN_SCRIPT			= 93E3, G: GAME
_SCREEN_LEVEL			= AF30, G: GAME
_SCRIPT				= 611F, G: GAME
_SCRIPT_RESULT			= 611C, G: GAME
_SC_C				= BA6A, G: GAME
_SC_CONTINUAR			= 611E, G: GAME
_SC_M				= BA6D, G: GAME
_SC_N				= BA6E, G: GAME
_SC_TERMINADO			= 611D, G: GAME
_SC_X				= BA7C, G: GAME
_SC_Y				= BA7D, G: GAME
_SELECT_JOYFUNC			= 5FF7, G: GAME
_SETRAMBANK			= 5EB9, G: GAME
_SILENT_LEVEL			= BA3F, G: GAME
_SPACER				= 82AB, G: GAME
_SPRITESCLIP			= B822, G: GAME
_SPRITESCLIPVALUES		= BA39, G: GAME
_SPRITE_10_A			= 7646, G: GAME
_SPRITE_10_B			= 7676, G: GAME
_SPRITE_10_C			= 76A6, G: GAME
_SPRITE_11_A			= 76D6, G: GAME
_SPRITE_11_B			= 7706, G: GAME
_SPRITE_11_C			= 7736, G: GAME
_SPRITE_12_A			= 7766, G: GAME
_SPRITE_12_B			= 7796, G: GAME
_SPRITE_12_C			= 77C6, G: GAME
_SPRITE_13_A			= 77F6, G: GAME
_SPRITE_13_B			= 7826, G: GAME
_SPRITE_13_C			= 7856, G: GAME
_SPRITE_14_A			= 7886, G: GAME
_SPRITE_14_B			= 78B6, G: GAME
_SPRITE_14_C			= 78E6, G: GAME
_SPRITE_15_A			= 7916, G: GAME
_SPRITE_15_B			= 7946, G: GAME
_SPRITE_15_C			= 7976, G: GAME
_SPRITE_16_A			= 79A6, G: GAME
_SPRITE_16_B			= 79D6, G: GAME
_SPRITE_16_C			= 7A06, G: GAME
_SPRITE_17_A			= 7D66, G: GAME
_SPRITE_17_B			= 7D96, L: GAME
_SPRITE_17_C			= 7DC6, L: GAME
_SPRITE_18_A			= 7DF6, G: GAME
_SPRITE_18_B			= 7E26, L: GAME
_SPRITE_18_C			= 7E56, L: GAME
_SPRITE_19_A			= 7E86, G: GAME
_SPRITE_19_B			= 7EA6, G: GAME
_SPRITE_1_A			= 7136, G: GAME
_SPRITE_1_B			= 7166, G: GAME
_SPRITE_1_C			= 7196, G: GAME
_SPRITE_2_A			= 71C6, G: GAME
_SPRITE_2_B			= 71F6, G: GAME
_SPRITE_2_C			= 7226, G: GAME
_SPRITE_3_A			= 7256, G: GAME
_SPRITE_3_B			= 7286, G: GAME
_SPRITE_3_C			= 72B6, G: GAME
_SPRITE_4_A			= 72E6, G: GAME
_SPRITE_4_B			= 7316, G: GAME
_SPRITE_4_C			= 7346, G: GAME
_SPRITE_5_A			= 7376, G: GAME
_SPRITE_5_B			= 73A6, G: GAME
_SPRITE_5_C			= 73D6, G: GAME
_SPRITE_6_A			= 7406, G: GAME
_SPRITE_6_B			= 7436, G: GAME
_SPRITE_6_C			= 7466, G: GAME
_SPRITE_7_A			= 7496, G: GAME
_SPRITE_7_B			= 74C6, G: GAME
_SPRITE_7_C			= 74F6, G: GAME
_SPRITE_8_A			= 7526, G: GAME
_SPRITE_8_B			= 7556, G: GAME
_SPRITE_8_C			= 7586, G: GAME
_SPRITE_9_A			= 75B6, G: GAME
_SPRITE_9_B			= 75E6, G: GAME
_SPRITE_9_C			= 7616, G: GAME
_SPRITE_E			= 7A36, G: GAME
_SPRITE_SHADOW			= 7F26, G: GAME
_SPRITE_WHIP			= 7EC6, G: GAME
_SP_HITTER			= BA11, G: GAME
_SP_MOVILES			= B7F2, G: GAME
_SP_PLAYER			= BA33, G: GAME
_SP_SHADOW			= BA2A, G: GAME
_STEP				= 8162, G: GAME
_STOP_PLAYER			= 93B9, G: GAME
_SUCCESS			= BDF0, G: GAME
_TILESET			= 6826, G: GAME
_TOCADO				= BDE2, G: GAME
_UNPACK_RAMN			= 5F79, G: GAME
_UPDATE_HUD			= 827A, G: GAME
_UPDATE_TILE			= 846B, G: GAME
_UTAUX				= 846A, G: GAME
_U_FREE				= 5E9D, G: GAME
_U_MALLOC			= 5E9B, G: GAME
_WALL_H				= BDDD, G: GAME
_WALL_V				= BDE0, G: GAME
_WARP_TO_LEVEL			= BA31, G: GAME
_X_PANT				= BDE3, G: GAME
_Y_PANT				= BDE7, G: GAME
__EN_LIFE			= BDB6, G: GAME
__EN_MX				= B831, G: GAME
__EN_MY				= B832, G: GAME
__EN_T				= B7EE, G: GAME
__EN_X				= B7EF, G: GAME
__EN_X1				= B7FB, G: GAME
__EN_X2				= B7FD, G: GAME
__EN_Y				= B7F0, G: GAME
__EN_Y1				= B7FC, G: GAME
__EN_Y2				= B7FE, G: GAME
__N				= BA18, G: GAME
__T				= BA1A, G: GAME
__X				= BA1D, G: GAME
__X1				= BDB3, G: GAME
__Y				= BA1E, G: GAME
__Y1				= BDB4, G: GAME


START				= 5E88, L: ZX82_CRT0
_ASM_INT			= 5E8E, G: GAME
_ASM_INT_2			= 5E90, G: GAME
_MY_MALLOC			= 5E92, G: GAME
_U_MALLOC			= 5E9B, G: GAME
_U_FREE				= 5E9D, G: GAME
VPCLIPSTRUCT			= 5E9F, L: GAME
_HALF_LIFE			= 5EA3, G: GAME
_LEVEL				= 5EA4, G: GAME
_DO_GRAVITY			= 5EA5, G: GAME
_INVALIDATE_FIRE		= 5EA6, G: GAME
_CUR_MAP_ATTR			= 5EA7, G: GAME
_D_PRS				= 5EA8, G: GAME
_ISR				= 5EAB, G: GAME
_NOSOUND_PLAY_SOUND		= 5EB6, G: GAME
_NOSOUND_PLAY_MUSIC		= 5EB7, G: GAME
_NOSOUND_STOP_SOUND		= 5EB8, G: GAME
_SETRAMBANK			= 5EB9, G: GAME
SETRAMBANK			= 5EB9, L: GAME
RESTISR				= 5EC4, L: GAME
KEEPGOING			= 5EC8, L: GAME
DEPACK				= 5ED1, L: GAME
APBRANCH1			= 5ED4, L: GAME
APLOOP0				= 5ED6, L: GAME
APLOOP				= 5ED9, L: GAME
APGET4BITS			= 5EEC, L: GAME
APWRITEBYTE			= 5EF6, L: GAME
APBRANCH4			= 5EFA, L: GAME
APBRANCH3			= 5F03, L: GAME
APBRANCH2			= 5F17, L: GAME
APSKIP2				= 5F36, L: GAME
APSKIP3				= 5F3F, L: GAME
AP_FINISHUP			= 5F42, L: GAME
AP_FINISHUP2			= 5F45, L: GAME
AP_R0_GAMMA			= 5F4C, L: GAME
AP_GETBIT			= 5F58, L: GAME
AP_GETGAMMA			= 5F64, L: GAME
AP_GETGAMMALOOP			= 5F67, L: GAME
_RAM_ADDRESS			= 5F74, G: GAME
_RAM_DESTINATION		= 5F76, G: GAME
_RAM_PAGE			= 5F78, G: GAME
_UNPACK_RAMN			= 5F79, G: GAME
_RANDRES			= 5FB7, G: GAME
_RAND				= 5FB8, G: GAME
RND				= 5FB8, L: GAME
_KEYSCANCODES			= 5FDF, G: GAME
_SELECT_JOYFUNC			= 5FF7, G: GAME
I_12				= 5FF7, L: GAME
I_15				= 600D, L: GAME
I_17				= 6027, L: GAME
I_18				= 602A, L: GAME
I_14				= 60ED, L: GAME
I_20				= 60FE, L: GAME
I_22				= 610F, L: GAME
I_21				= 610F, L: GAME
I_19				= 610F, L: GAME
I_13				= 6112, L: GAME
_SCRIPT_RESULT			= 611C, G: GAME
_SC_TERMINADO			= 611D, G: GAME
_SC_CONTINUAR			= 611E, G: GAME
_SCRIPT				= 611F, G: GAME
_KEY_Z_PRESSED			= 6121, G: GAME
_DRAW_CURSOR			= 6122, G: GAME
I_27				= 6172, L: GAME
I_28				= 61B1, L: GAME
_DISPLAY_ITEMS			= 61B2, G: GAME
I_29				= 61C1, L: GAME
I_31				= 61C6, L: GAME
I_32				= 6200, L: GAME
I_33				= 6207, L: GAME
I_30				= 6238, L: GAME
_DO_INVENTORY_FIDDLING		= 6239, G: GAME
I_35				= 626D, L: GAME
I_34				= 6277, L: GAME
I_36				= 627E, L: GAME
_RESOURCES			= 627F, G: GAME
_GET_RESOURCE			= 62C1, G: GAME
_READ_OFFSET			= 62FB, G: GAME
_LEVEL_DATA			= 6356, G: GAME
_MAP				= 6366, G: GAME
_MAP_ATTRS			= 6816, G: GAME
_TILESET			= 6826, G: GAME
_SPRITE_1_A			= 7136, G: GAME
_SPRITE_1_B			= 7166, G: GAME
_SPRITE_1_C			= 7196, G: GAME
_SPRITE_2_A			= 71C6, G: GAME
_SPRITE_2_B			= 71F6, G: GAME
_SPRITE_2_C			= 7226, G: GAME
_SPRITE_3_A			= 7256, G: GAME
_SPRITE_3_B			= 7286, G: GAME
_SPRITE_3_C			= 72B6, G: GAME
_SPRITE_4_A			= 72E6, G: GAME
_SPRITE_4_B			= 7316, G: GAME
_SPRITE_4_C			= 7346, G: GAME
_SPRITE_5_A			= 7376, G: GAME
_SPRITE_5_B			= 73A6, G: GAME
_SPRITE_5_C			= 73D6, G: GAME
_SPRITE_6_A			= 7406, G: GAME
_SPRITE_6_B			= 7436, G: GAME
_SPRITE_6_C			= 7466, G: GAME
_SPRITE_7_A			= 7496, G: GAME
_SPRITE_7_B			= 74C6, G: GAME
_SPRITE_7_C			= 74F6, G: GAME
_SPRITE_8_A			= 7526, G: GAME
_SPRITE_8_B			= 7556, G: GAME
_SPRITE_8_C			= 7586, G: GAME
_SPRITE_9_A			= 75B6, G: GAME
_SPRITE_9_B			= 75E6, G: GAME
_SPRITE_9_C			= 7616, G: GAME
_SPRITE_10_A			= 7646, G: GAME
_SPRITE_10_B			= 7676, G: GAME
_SPRITE_10_C			= 76A6, G: GAME
_SPRITE_11_A			= 76D6, G: GAME
_SPRITE_11_B			= 7706, G: GAME
_SPRITE_11_C			= 7736, G: GAME
_SPRITE_12_A			= 7766, G: GAME
_SPRITE_12_B			= 7796, G: GAME
_SPRITE_12_C			= 77C6, G: GAME
_SPRITE_13_A			= 77F6, G: GAME
_SPRITE_13_B			= 7826, G: GAME
_SPRITE_13_C			= 7856, G: GAME
_SPRITE_14_A			= 7886, G: GAME
_SPRITE_14_B			= 78B6, G: GAME
_SPRITE_14_C			= 78E6, G: GAME
_SPRITE_15_A			= 7916, G: GAME
_SPRITE_15_B			= 7946, G: GAME
_SPRITE_15_C			= 7976, G: GAME
_SPRITE_16_A			= 79A6, G: GAME
_SPRITE_16_B			= 79D6, G: GAME
_SPRITE_16_C			= 7A06, G: GAME
_SPRITE_E			= 7A36, G: GAME
_BADDIES			= 7B56, G: GAME
_BEHS				= 7D36, G: GAME
_SPRITE_17_A			= 7D66, G: GAME
_SPRITE_17_B			= 7D96, L: GAME
_SPRITE_17_C			= 7DC6, L: GAME
_SPRITE_18_A			= 7DF6, G: GAME
_SPRITE_18_B			= 7E26, L: GAME
_SPRITE_18_C			= 7E56, L: GAME
_SPRITE_19_A			= 7E86, G: GAME
_SPRITE_19_B			= 7EA6, G: GAME
_SPRITE_WHIP			= 7EC6, G: GAME
_SPRITE_SHADOW			= 7F26, G: GAME
_ARROW_SPRITES			= 7F96, G: GAME
_LEVELS				= 80B6, G: GAME
_ADDONS_BETWEEN			= 80DE, G: GAME
I_39				= 80FC, L: GAME
I_40				= 8103, L: GAME
I_42				= 8140, L: GAME
I_43				= 8147, L: GAME
I_41				= 815C, L: GAME
I_44				= 815F, L: GAME
_STEP				= 8162, G: GAME
_CORTINA			= 8174, G: GAME
FADE_OUT_EXTERN			= 8176, L: GAME
FADE_OUT_BUCLE			= 817D, L: GAME
INK_DONE			= 8184, L: GAME
PAPER_DONE			= 818C, L: GAME
_ADDSIGN			= 819E, G: GAME
I_45				= 81B4, L: GAME
I_47				= 81CB, L: GAME
I_46				= 81D2, L: GAME
I_48				= 81D2, L: GAME
_ABS				= 81D3, G: GAME
I_49				= 81E4, L: GAME
I_50				= 81E9, L: GAME
_HIDE_SPRITES			= 81EA, G: GAME
I_51				= 821E, L: GAME
HIDE_SPRITES_ENEMS_LOOP		= 821F, L: GAME
_ACTIVE_SLEEP			= 824A, G: GAME
I_54				= 824A, L: GAME
I_56				= 8261, L: GAME
I_57_I_56			= 8264, L: GAME
I_55				= 8267, L: GAME
I_52				= 8267, L: GAME
I_53				= 8271, L: GAME
_UPDATE_HUD			= 827A, G: GAME
I_58				= 82AA, L: GAME
_SPACER				= 82AB, G: GAME
_PRINT_NUMBER2			= 82AD, G: GAME
_DRAW_COLOURED_TILE		= 8304, G: GAME
_DRAW_COLOURED_TILE_GAMEAREA	= 83DD, G: GAME
_PRINT_STR			= 840B, G: GAME
I_60				= 840B, L: GAME
I_61				= 8448, L: GAME
_BLACKOUT_AREA			= 8449, G: GAME
BAL1				= 8459, L: GAME
_UTAUX				= 846A, G: GAME
_UPDATE_TILE			= 846B, G: GAME
_PRINT_MESSAGE			= 84AC, G: GAME
_BUTTON_PRESSED			= 84EF, G: GAME
I_64				= 8508, L: GAME
I_63				= 851F, L: GAME
I_65				= 8522, L: GAME
_LOAD_SUBTILESET		= 8525, G: GAME
_PRINT_DIGITH			= 861B, G: GAME
I_66				= 8652, L: GAME
I_67				= 8679, L: GAME
_PRINT_NUMBERH			= 867A, G: GAME
_DRAW_SCR_BACKGROUND		= 86C0, G: GAME
DRAW_SCR_BACKGROUND_LOOP	= 8724, L: GAME
DRAW_SCR_BACKGROUND_NEW_BYTE	= 8736, L: GAME
DRAW_SCR_BACKGROUND_SET_T	= 8749, L: GAME
DRAW_SCR_BACKGROUND_CONTINUE	= 877F, L: GAME
_DRAW_SCR			= 8792, G: GAME
I_69				= 87E5, L: GAME
I_68				= 87E5, L: GAME
I_70				= 87F6, L: GAME
I_71				= 87F9, L: GAME
_K2T_MENU_TEXT			= 886C, G: GAME
_K2T_CODE			= 889C, G: GAME
_K2T_FLAG			= 889D, G: GAME
_K2T_IS_CUTSCENE		= 889E, G: GAME
_K2T_TINT_MIDDLE_THIRD		= 889F, G: GAME
_K2T_TINT			= 88AD, G: GAME
K2T_BAL1			= 88B4, L: GAME
_K2T_PRINT_LIMITED_TEXT		= 88C4, G: GAME
I_74				= 88CE, L: GAME
I_76				= 88D8, L: GAME
I_75				= 891B, L: GAME
_K2T_SHOW_TIME_PRX_PRY		= 891C, G: GAME
I_77				= 893A, L: GAME
I_79				= 8944, L: GAME
I_78				= 8982, L: GAME
_K2T_SHOW_TIME			= 8983, G: GAME
_K2T_CLS			= 8998, G: GAME
I_80				= 89AA, L: GAME
I_82				= 89B4, L: GAME
I_83				= 89CB, L: GAME
I_85				= 89D5, L: GAME
I_86				= 8A9D, L: GAME
I_84				= 8AA0, L: GAME
I_81				= 8AA7, L: GAME
_K2T_EFFECT			= 8AA8, G: GAME
I_87				= 8ABA, L: GAME
I_88				= 8ACD, L: GAME
I_90				= 8AD7, L: GAME
I_89				= 8AF8, L: GAME
_K2T_MENU_DISPLAY		= 8AF9, G: GAME
I_91				= 8B2A, L: GAME
I_93				= 8B34, L: GAME
I_95				= 8B6C, L: GAME
I_96				= 8B73, L: GAME
I_94				= 8B73, L: GAME
I_97				= 8BB6, L: GAME
I_92				= 8BB9, L: GAME
_K2T_DO_MENU			= 8BBA, G: GAME
I_98				= 8BDF, L: GAME
I_100				= 8BFF, L: GAME
I_102				= 8C34, L: GAME
I_103				= 8C37, L: GAME
I_101				= 8C43, L: GAME
I_106				= 8C63, L: GAME
I_105				= 8C6A, L: GAME
I_104				= 8C6A, L: GAME
I_107				= 8CA9, L: GAME
I_108				= 8CA9, L: GAME
I_109				= 8CB7, L: GAME
I_110				= 8CCC, L: GAME
I_99				= 8CCF, L: GAME
_K2T_DISPLAY_PORTRAIT		= 8CD3, G: GAME
PTPL1				= 8D01, L: GAME
PTPL2				= 8D05, L: GAME
PTPL3				= 8D29, L: GAME
_K2T_SHOW_TEXT			= 8D39, G: GAME
FBSD_MAINB			= 8D72, L: GAME
FBSD_STOR			= 8D80, L: GAME
FBSD_ESCAPED			= 8D88, L: GAME
FBSD_STOR2			= 8D90, L: GAME
FBSD_UNPACKC			= 8D93, L: GAME
FBSD_BUCLE			= 8D95, L: GAME
FBSD_GETBIT			= 8D9D, L: GAME
FBSD_FIN			= 8DA3, L: GAME
I_113				= 8E01, L: GAME
I_114				= 8E25, L: GAME
I_112				= 8E25, L: GAME
I_111				= 8E2F, L: GAME
I_115				= 8E3B, L: GAME
I_116				= 8E59, L: GAME
I_118				= 8E98, L: GAME
I_119				= 8EC3, L: GAME
I_122				= 8EDD, L: GAME
I_123_I_122			= 8EE0, L: GAME
I_121				= 8EE6, L: GAME
I_120				= 8EEB, L: GAME
I_125				= 8F01, L: GAME
I_124				= 8F04, L: GAME
I_126				= 8F0B, L: GAME
I_117				= 8F0E, L: GAME
I_127				= 8F14, L: GAME
I_128				= 8F1C, L: GAME
I_130				= 8F35, L: GAME
I_132				= 8F3F, L: GAME
I_131				= 8F6B, L: GAME
I_129				= 8F6E, L: GAME
I_134				= 8F78, L: GAME
I_136				= 8F82, L: GAME
I_135_ULE			= 8F8C, L: GAME
I_137				= 8F98, L: GAME
I_139				= 8FA2, L: GAME
I_138_ULE			= 8FAC, L: GAME
I_138				= 8FC7, L: GAME
I_133				= 8FCA, L: GAME
I_135				= 8FCA, L: GAME
_K2T_INIT			= 8FCE, G: GAME
_K2T_END_OF_CONVERSATION	= 8FE2, G: GAME
_K2T_SHOW_ITEMS			= 8FE6, G: GAME
I_140				= 8FF0, L: GAME
I_142				= 8FFA, L: GAME
I_141				= 9072, L: GAME
_K2T_STORAGE			= 9073, G: GAME
I_143				= 90A3, L: GAME
I_145				= 910B, L: GAME
I_146				= 9111, L: GAME
I_147				= 9169, L: GAME
I_149				= 917D, L: GAME
I_151				= 91C8, L: GAME
I_152				= 91CB, L: GAME
I_150				= 91D8, L: GAME
I_155				= 91FC, L: GAME
I_156				= 9203, L: GAME
I_153				= 920D, L: GAME
I_154				= 920D, L: GAME
I_157				= 923B, L: GAME
I_158				= 923B, L: GAME
I_159				= 9299, L: GAME
I_160				= 9299, L: GAME
I_161				= 92B0, L: GAME
I_148				= 92B3, L: GAME
I_144				= 92B6, L: GAME
_DO_EXTERN_ACTION		= 92B7, G: GAME
I_162				= 92E1, L: GAME
I_166				= 92E8, L: GAME
I_167				= 930F, L: GAME
I_168				= 9315, L: GAME
I_169				= 931B, L: GAME
I_170				= 9336, L: GAME
I_171				= 933C, L: GAME
I_172				= 9342, L: GAME
I_173				= 9348, L: GAME
I_163				= 934B, L: GAME
I_165				= 934B, L: GAME
_READ_BYTE			= 934C, G: GAME
_READ_VBYTE			= 9375, G: GAME
I_174				= 939E, L: GAME
I_175				= 93A3, L: GAME
_READXY				= 93A6, G: GAME
_STOP_PLAYER			= 93B9, G: GAME
_RELOC_PLAYER			= 93CD, G: GAME
_RUN_SCRIPT			= 93E3, G: GAME
I_176				= 9427, L: GAME
I_177				= 9445, L: GAME
I_179				= 9472, L: GAME
I_183				= 9480, L: GAME
I_184				= 94A2, L: GAME
I_185				= 94C7, L: GAME
I_186				= 9544, L: GAME
I_187				= 9547, L: GAME
I_188				= 955B, L: GAME
I_189				= 959C, L: GAME
I_190				= 959F, L: GAME
I_191				= 95B0, L: GAME
I_192				= 95F1, L: GAME
I_193				= 95F4, L: GAME
I_194				= 9602, L: GAME
I_195				= 9605, L: GAME
I_182				= 9611, L: GAME
I_180				= 9614, L: GAME
I_197				= 9622, L: GAME
I_201				= 9630, L: GAME
I_202				= 9670, L: GAME
I_203				= 968C, L: GAME
I_204				= 96A5, L: GAME
I_205				= 96D3, L: GAME
I_206				= 96D9, L: GAME
I_207				= 970B, L: GAME
I_208				= 9722, L: GAME
I_210				= 9727, L: GAME
I_211				= 9786, L: GAME
I_209				= 9789, L: GAME
I_212				= 978F, L: GAME
I_213				= 97C6, L: GAME
I_214				= 97CC, L: GAME
I_215				= 97DE, L: GAME
I_216				= 97E7, L: GAME
I_217				= 97F8, L: GAME
I_219				= 97FB, L: GAME
I_218				= 97FB, L: GAME
I_220				= 9858, L: GAME
I_221				= 985B, L: GAME
I_200				= 9862, L: GAME
I_196				= 9865, L: GAME
I_198				= 9865, L: GAME
I_178				= 986E, L: GAME
_PLAYER_FRAMES			= 986F, G: GAME
_ENEM_FRAMES			= 987F, G: GAME
_FLICK_SCREEN			= 988F, G: GAME
I_225				= 98AA, L: GAME
I_226_I_225			= 98AD, L: GAME
I_227				= 98C1, L: GAME
I_228				= 98C9, L: GAME
I_224				= 98D5, L: GAME
I_230				= 98F0, L: GAME
I_231_I_230			= 98F3, L: GAME
I_232				= 9907, L: GAME
I_233				= 990F, L: GAME
I_229				= 991B, L: GAME
I_235				= 9936, L: GAME
I_236_I_235			= 9939, L: GAME
I_237				= 9950, L: GAME
I_238				= 9959, L: GAME
I_234				= 9965, L: GAME
I_240				= 9980, L: GAME
I_241_I_240			= 9983, L: GAME
I_242				= 999A, L: GAME
I_243				= 99A3, L: GAME
I_239				= 99AF, L: GAME
_FO_CLEAR			= 99B0, G: GAME
I_244				= 99B7, L: GAME
I_245				= 99D8, L: GAME
_FO_ADD				= 99E0, G: GAME
_FO_PAINT			= 9A2C, G: GAME
I_246				= 9A5F, L: GAME
I_247				= 9A6A, L: GAME
_FO_UNPAINT			= 9AEB, G: GAME
_FO_PAINT_ALL			= 9B83, G: GAME
I_248				= 9B8A, L: GAME
I_250				= 9BAD, L: GAME
I_249				= 9BB8, L: GAME
_FO_DO				= 9BB9, G: GAME
I_253				= 9BCF, L: GAME
I_256				= 9C5D, L: GAME
I_257_I_256			= 9C60, L: GAME
I_259				= 9CDA, L: GAME
I_260				= 9CE4, L: GAME
I_258				= 9CF1, L: GAME
I_255				= 9CF1, L: GAME
I_254				= 9CFC, L: GAME
I_252				= 9D03, L: GAME
I_251				= 9D06, L: GAME
I_261				= 9D0D, L: GAME
_INIT_PLAYER			= 9D0E, G: GAME
_PLAYER_KILL			= 9DB1, G: GAME
I_262				= 9DFE, L: GAME
_PLAYER_MOVE			= 9E2E, G: GAME
PLAYER_MOVE_P_STATE_SET_NORMAL	= 9E54, L: GAME
PLAYER_MOVE_P_STATE_ZERO_DONE	= 9E58, L: GAME
PLAYER_MOVE_P_STATE_DONE	= 9E62, L: GAME
PLAYER_MOVE_CONVEYORS_BEH_NOT0	= 9EB8, L: GAME
PLAYER_MOVE_CONVEYORS_BEH_NOT1	= 9EC3, L: GAME
PLAYER_MOVE_CONVEYORS_BEH_NOT2	= 9ECE, L: GAME
PLAYER_MOVE_CONVEYORS_BEH_DONE	= 9ED3, L: GAME
PLAYER_MOVE_CONVEYORS_DONE	= 9ED8, L: GAME
I_264				= 9F0C, L: GAME
I_263				= 9F0C, L: GAME
I_266				= 9F3D, L: GAME
I_267				= 9F40, L: GAME
I_268				= 9F51, L: GAME
I_269_I_268			= 9F54, L: GAME
I_271				= 9F98, L: GAME
I_270				= 9F9B, L: GAME
I_273				= 9FD7, L: GAME
I_274				= 9FD7, L: GAME
I_272				= 9FD7, L: GAME
I_265				= 9FD7, L: GAME
I_275				= A015, L: GAME
I_276				= A015, L: GAME
I_277				= A051, L: GAME
I_278				= A051, L: GAME
I_279				= A076, L: GAME
I_280				= A081, L: GAME
I_281				= A0A6, L: GAME
I_282				= A0CC, L: GAME
I_283				= A0DA, L: GAME
I_284				= A0ED, L: GAME
I_288				= A1A7, L: GAME
I_287				= A1D6, L: GAME
I_292				= A1E6, L: GAME
I_290				= A1ED, L: GAME
I_291				= A1ED, L: GAME
I_286				= A1F0, L: GAME
I_296				= A24D, L: GAME
I_295				= A278, L: GAME
I_300				= A288, L: GAME
I_298				= A28F, L: GAME
I_299				= A28F, L: GAME
I_294				= A28F, L: GAME
I_285				= A28F, L: GAME
I_302				= A2FC, L: GAME
I_303				= A2FF, L: GAME
I_306				= A328, L: GAME
I_305				= A32A, L: GAME
I_308_I_305			= A32D, L: GAME
I_304				= A39F, L: GAME
I_309				= A39F, L: GAME
I_311				= A3B2, L: GAME
I_312_I_311			= A3B5, L: GAME
I_313				= A3F6, L: GAME
I_314				= A40C, L: GAME
I_310				= A40C, L: GAME
I_315				= A421, L: GAME
I_317				= A452, L: GAME
I_318				= A455, L: GAME
I_319				= A466, L: GAME
I_320_I_319			= A469, L: GAME
I_322				= A4AD, L: GAME
I_321				= A4B0, L: GAME
I_323				= A4EC, L: GAME
I_325				= A4EC, L: GAME
I_324				= A4EC, L: GAME
I_316				= A4EC, L: GAME
I_327				= A529, L: GAME
I_326				= A529, L: GAME
I_329				= A563, L: GAME
I_328				= A563, L: GAME
I_330				= A588, L: GAME
I_331				= A596, L: GAME
I_332				= A5A9, L: GAME
I_336				= A663, L: GAME
I_335				= A692, L: GAME
I_340				= A6A2, L: GAME
I_339				= A6A9, L: GAME
I_338				= A6A9, L: GAME
I_334				= A6AC, L: GAME
I_344				= A709, L: GAME
I_343				= A738, L: GAME
I_348				= A748, L: GAME
I_346				= A74F, L: GAME
I_347				= A74F, L: GAME
I_342				= A74F, L: GAME
I_333				= A74F, L: GAME
PLAYER_MOVING_FACING_SEL_NOT_H	= A756, L: GAME
PLAYER_MOVING_FACING_SET	= A75D, L: GAME
PLAYER_MOVING_FACING_DONE	= A760, L: GAME
I_351				= A785, L: GAME
I_352				= A788, L: GAME
I_353				= A7AE, L: GAME
I_354_I_353			= A7B1, L: GAME
I_355				= A7D7, L: GAME
I_350				= A7D7, L: GAME
I_357				= A7FC, L: GAME
I_358				= A7FF, L: GAME
I_356				= A811, L: GAME
I_359				= A841, L: GAME
I_361				= A869, L: GAME
I_360				= A869, L: GAME
I_364				= A882, L: GAME
I_365_I_364			= A885, L: GAME
I_363				= A88C, L: GAME
I_362				= A88C, L: GAME
I_367				= A93B, L: GAME
I_368_I_367			= A93E, L: GAME
I_369				= A956, L: GAME
I_371				= A97F, L: GAME
I_370				= A98B, L: GAME
I_366				= A98E, L: GAME
I_372				= A995, L: GAME
_PLAYE_MOVE_AF_HOLED_FALLING	= A9A8, L: GAME
_PLAYER_MOVE_AF_HOLED_SET	= A9B3, L: GAME
_PLAYER_MOVE_AF_NOT_HOLED	= A9B8, L: GAME
_PLAYER_MOVE_AF_FLOOR		= A9D0, L: GAME
_PLAYER_MOVE_AF_FLOOR_MOVING	= A9E9, L: GAME
_PLAYER_MOVE_AF_INCFRAME_DONE	= AA00, L: GAME
_PLAYER_MOVE_AF_SET		= AA16, L: GAME
_PLAYER_MOVE_AF_DONE		= AA1D, L: GAME
_ENEMY_KILL			= AA1E, G: GAME
_ENEMS_INIT			= AA47, G: GAME
I_373				= AA51, L: GAME
I_375				= AA5B, L: GAME
I_376				= AAC6, L: GAME
I_378				= AAF7, L: GAME
I_379_I_378			= AAFA, L: GAME
I_382				= AB2C, L: GAME
I_383				= AB2D, L: GAME
I_381				= AB2D, L: GAME
I_377				= AB30, L: GAME
I_384				= AB44, L: GAME
I_374				= AB47, L: GAME
_ENEMS_MOVE			= AB48, G: GAME
I_385				= AB6F, L: GAME
I_387				= AB79, L: GAME
_ENEMS_GENERAL_DYING_DONE	= AC17, L: GAME
_ENEMS_MOVE_PREGOTTEN_NOT	= AC4D, L: GAME
_ENEMS_MOVE_PREGOTTEN_SET	= AC4E, L: GAME
I_390				= AC69, L: GAME
I_391				= AC7C, L: GAME
I_392				= AC83, L: GAME
_ENEMS_LM_CHANGE_AXIS_X		= ACA3, L: GAME
_ENEMS_LM_CHANGE_AXIS_X_DONE	= ACAB, L: GAME
_ENEMS_LM_CHANGE_AXIS_Y		= ACC3, L: GAME
_ENEMS_LM_CHANGE_AXIS_Y_DONE	= ACCB, L: GAME
I_393				= ACCE, L: GAME
I_395				= AD19, L: GAME
I_396				= AD1C, L: GAME
I_397				= AD3E, L: GAME
I_394				= AD41, L: GAME
I_401				= ADB3, L: GAME
I_402				= ADB6, L: GAME
I_400				= ADBD, L: GAME
I_403				= ADC0, L: GAME
I_398				= ADCC, L: GAME
I_399				= ADCC, L: GAME
I_404				= ADE7, L: GAME
I_405				= ADF1, L: GAME
I_407				= AE0A, L: GAME
I_408_I_407			= AE0D, L: GAME
I_406				= AE21, L: GAME
I_389				= AE21, L: GAME
_ENEMS_ANIMATE_CHANGE_FRAME_DON	= AE67, L: GAME
I_410				= AE67, L: GAME
_ENEMS_PLATFORMS_25D_DONE	= AEA5, L: GAME
_ENEMS_COLLISION		= AEA5, L: GAME
_ENEMS_COLLISION_NO_PIXEL_SHIFT	= AEB1, L: GAME
_ENEMS_COLLISION_SKIP		= AEF8, L: GAME
_CONTINUE_ENEMS_LOOP_A		= AEF8, L: GAME
I_411				= AEF8, L: GAME
I_409				= AEF8, L: GAME
I_386				= AF2F, L: GAME
_SCREEN_LEVEL			= AF30, G: GAME
_PREPARE_LEVEL			= AF6A, G: GAME
_HOFFS_X			= AFEF, G: GAME
_HOFFS_Y			= AFF6, G: GAME
_HITTER_DO			= AFFD, G: GAME
I_414				= B03B, L: GAME
I_415				= B058, L: GAME
I_416				= B074, L: GAME
_RUN_ENTERING_SCRIPT		= B075, G: GAME
_RUN_FIRE_SCRIPT		= B08F, G: GAME
_GAME_LOOP			= B0AA, G: GAME
I_417				= B0B8, L: GAME
I_418				= B126, L: GAME
I_420				= B13E, L: GAME
I_423				= B16D, L: GAME
I_424				= B175, L: GAME
I_421				= B175, L: GAME
I_422				= B175, L: GAME
I_425				= B189, L: GAME
I_426				= B1AF, L: GAME
I_427				= B1DB, L: GAME
UPDATE_SPRITES_BADDIES_LOOP	= B1EF, L: GAME
UPDATE_SPRITES_BADDIES_PIXEL_SH	= B227, L: GAME
UPDATE_SPRITES_PLAYER		= B2A4, L: GAME
UPDATE_SPRITES_PLAYER_ELSE	= B2CA, L: GAME
UPDATE_SPRITES_PLAYER_DO	= B2D5, L: GAME
I_428				= B34F, L: GAME
I_429				= B362, L: GAME
I_430				= B37B, L: GAME
_MAINLOOP_SCRIPTING		= B37E, L: GAME
MAINLOOP_SCRIPTING_ACTION_NOT_P	= B394, L: GAME
MAINLOOP_SCRIPTING_ACTION_PRESS	= B398, L: GAME
MAINLOOP_SCRIPTING_FIREZONE_DON	= B3C8, L: GAME
I_432				= B3E4, L: GAME
I_433				= B3E6, L: GAME
I_432_I_433			= B3EB, L: GAME
I_435				= B404, L: GAME
I_436				= B406, L: GAME
I_435_I_436			= B40B, L: GAME
I_437				= B420, L: GAME
I_438				= B423, L: GAME
I_434				= B42A, L: GAME
I_439				= B42D, L: GAME
I_431				= B43E, L: GAME
I_441				= B44E, L: GAME
I_440				= B455, L: GAME
I_443				= B470, L: GAME
I_419				= B476, L: GAME
_GAME_DO			= B485, G: GAME
I_444				= B485, L: GAME
I_446				= B4DD, L: GAME
I_450				= B4EF, L: GAME
I_451				= B507, L: GAME
I_452				= B51F, L: GAME
I_453				= B53C, L: GAME
I_454				= B54B, L: GAME
I_449				= B575, L: GAME
I_447				= B578, L: GAME
I_445				= B57E, L: GAME
_MAIN				= B57F, G: GAME
I_457				= B5E2, L: GAME
I_455				= B605, L: GAME
I_456				= B60F, L: GAME
I_458				= B67C, L: GAME
I_460				= B686, L: GAME
I_459				= B71F, L: GAME
I_1				= B7AA, L: GAME
__EN_T				= B7EE, G: GAME
__EN_X				= B7EF, G: GAME
__EN_Y				= B7F0, G: GAME
_K2T_CURSOR			= B7F1, G: GAME
_SP_MOVILES			= B7F2, G: GAME
_HITTER_TYPE			= B7F8, G: GAME
_GPEN_CX			= B7F9, G: GAME
_GPEN_CY			= B7FA, G: GAME
__EN_X1				= B7FB, G: GAME
__EN_Y1				= B7FC, G: GAME
__EN_X2				= B7FD, G: GAME
__EN_Y2				= B7FE, G: GAME
_F_O_T				= B7FF, G: GAME
_F_O_S				= B807, G: GAME
_F_O_X				= B80F, G: GAME
_F_O_Y				= B817, G: GAME
_EN_AN_BASE_FRAME		= B81F, G: GAME
_SPRITESCLIP			= B822, G: GAME
_HOTSPOT_X			= B824, G: GAME
_HOTSPOT_Y			= B825, G: GAME
_P_HITTING			= B826, G: GAME
_EN_AN_C_F			= B827, G: GAME
_GPEN_XX			= B82D, G: GAME
_GPEN_YY			= B82E, G: GAME
_MAP_POINTER			= B82F, G: GAME
__EN_MX				= B831, G: GAME
__EN_MY				= B832, G: GAME
_EN_AN_STATE			= B833, G: GAME
_FLAGS				= B836, G: GAME
_FO_AU				= B8B6, G: GAME
_P_FACING			= B8B7, G: GAME
_FO_GP				= B8B8, G: GAME
_P_FRAME			= B8B9, G: GAME
_EN_AN_N_F			= B8BA, G: GAME
_FO_IT				= B8C0, G: GAME
_P_C_F				= B8C1, G: GAME
_HITTER_ON			= B8C3, G: GAME
_FO_ST				= B8C4, G: GAME
_PREGOTTEN			= B8C5, G: GAME
_HIT_H				= B8C6, G: GAME
_MAP_BUFF			= B8C7, G: GAME
_K2T_LAST_KEY			= B967, G: GAME
_HIT_V				= B968, G: GAME
_KILLED_OLD			= B969, G: GAME
_P_N_F				= B96A, G: GAME
_GPAUX				= B96C, G: GAME
_MAP_ATTR			= B96D, G: GAME
_ACTIVE				= BA0D, G: GAME
_K2T_TIME			= BA0E, G: GAME
_KEY_Z				= BA0F, G: GAME
_SP_HITTER			= BA11, G: GAME
_ISR_C				= BA13, G: GAME
_ITEMS				= BA14, G: GAME
_ITS_P				= BA17, G: GAME
__N				= BA18, G: GAME
_DO_RESPAWN			= BA19, G: GAME
__T				= BA1A, G: GAME
_RDINT				= BA1B, G: GAME
__X				= BA1D, G: GAME
__Y				= BA1E, G: GAME
_MLPLAYING			= BA1F, G: GAME
_LIFE_OLD			= BA20, G: GAME
_P_ENGINE			= BA21, G: GAME
_HITTER_C_F			= BA22, G: GAME
_GEN_PT				= BA24, G: GAME
_NO_DRAW			= BA26, G: GAME
_P_STATE			= BA27, G: GAME
_K2T_COLOR			= BA28, G: GAME
_FO_IDX				= BA29, G: GAME
_SP_SHADOW			= BA2A, G: GAME
_PTGMX				= BA2C, G: GAME
_PTGMY				= BA2D, G: GAME
_P_JMP_FACING			= BA2E, G: GAME
_HITTER_N_F			= BA2F, G: GAME
_WARP_TO_LEVEL			= BA31, G: GAME
_HITTER_HIT			= BA32, G: GAME
_SP_PLAYER			= BA33, G: GAME
_GP_GEN				= BA35, G: GAME
_OFFS_BEHS			= BA37, G: GAME
_SPRITESCLIPVALUES		= BA39, G: GAME
_KILLABLE			= BA3D, G: GAME
_ENOFFS				= BA3E, G: GAME
_SILENT_LEVEL			= BA3F, G: GAME
_CTIMER				= BA40, G: GAME
_KEY_FIRE			= BA45, G: GAME
_GPEN_X				= BA47, G: GAME
_GPEN_Y				= BA48, G: GAME
_P_KILLME			= BA49, G: GAME
_OFFS_ATTR			= BA4A, G: GAME
_P_JMP_CT			= BA4C, G: GAME
_N_PANT				= BA4D, G: GAME
_P_JMP_ON			= BA4E, G: GAME
_FO_X				= BA4F, G: GAME
_O_PANT				= BA50, G: GAME
_P_LIFE				= BA51, G: GAME
_HITTER_X			= BA52, G: GAME
_HITTER_Y			= BA53, G: GAME
_FO_Y				= BA54, G: GAME
_K2T_GPP			= BA55, G: GAME
_P_SAFE_X			= BA57, G: GAME
_P_SAFE_Y			= BA58, G: GAME
_JOYFUNC			= BA59, G: GAME
_P_AX				= BA5B, G: GAME
_P_OBJS				= BA5C, G: GAME
_P_GOTTEN			= BA5D, G: GAME
_FZX1				= BA5E, G: GAME
_FZX2				= BA5F, G: GAME
_FZY1				= BA60, G: GAME
_FZY2				= BA61, G: GAME
_GPCX				= BA62, G: GAME
_KEY_JUMP			= BA63, G: GAME
_PLAYING			= BA65, G: GAME
_P_KEYS				= BA66, G: GAME
_GPCY				= BA67, G: GAME
_GPIT				= BA68, G: GAME
_GPJT				= BA69, G: GAME
_SC_C				= BA6A, G: GAME
_MAIN_SCRIPT_OFFSET		= BA6B, G: GAME
_SC_M				= BA6D, G: GAME
_SC_N				= BA6E, G: GAME
_KEYS				= BA6F, G: GAME
_K2T_PTR			= BA79, G: GAME
_P_RX				= BA7B, G: GAME
_SC_X				= BA7C, G: GAME
_SC_Y				= BA7D, G: GAME
_P_VX				= BA7E, G: GAME
_P_VY				= BA7F, G: GAME
_P_VZ				= BA80, G: GAME
_OBJS_OLD			= BA81, G: GAME
_MAINCOUNTER			= BA82, G: GAME
_PTX1				= BA83, G: GAME
_PTX2				= BA84, G: GAME
_PTY1				= BA85, G: GAME
_PTY2				= BA86, G: GAME
_PTY3				= BA87, G: GAME
_F_ZONE_AC			= BA88, G: GAME
_DYNAMIC_MEMORY_POOL		= BA89, G: GAME
__X1				= BDB3, G: GAME
__Y1				= BDB4, G: GAME
_ACTION_PRESSED			= BDB5, G: GAME
__EN_LIFE			= BDB6, G: GAME
_ENEMY_SHOOTS			= BDB7, G: GAME
_PRXX				= BDB8, G: GAME
_P_SUBFRAME			= BDB9, G: GAME
_PRYY				= BDBA, G: GAME
_ITS_IT				= BDBB, G: GAME
_K2T_X0				= BDBC, G: GAME
_P_STATE_CT			= BDBD, G: GAME
_ANIMATE			= BDBE, G: GAME
_NEXT_SCRIPT			= BDBF, G: GAME
_PT1				= BDC1, G: GAME
_PT2				= BDC2, G: GAME
_GPC				= BDC3, G: GAME
_GPD				= BDC4, G: GAME
_P_G				= BDC5, G: GAME
_HIT				= BDC6, G: GAME
_PAD				= BDC7, G: GAME
_P_CT_HOLE			= BDC8, G: GAME
_GPS				= BDC9, G: GAME
_GPT				= BDCA, G: GAME
_RDA				= BDCB, G: GAME
_RDB				= BDCC, G: GAME
_RDC				= BDCD, G: GAME
_P_X				= BDCE, G: GAME
_P_Y				= BDD0, G: GAME
_P_Z				= BDD2, G: GAME
_RDD				= BDD4, G: GAME
_RDE				= BDD5, G: GAME
_KEYS_OLD			= BDD6, G: GAME
_RDS				= BDD7, G: GAME
_RDX				= BDD8, G: GAME
_RDY				= BDD9, G: GAME
_RDZ				= BDDA, G: GAME
_PRX				= BDDB, G: GAME
_PRY				= BDDC, G: GAME
_WALL_H				= BDDD, G: GAME
_ENOFFSMASI			= BDDE, G: GAME
_K2T_STEPBYSTEP			= BDDF, G: GAME
_WALL_V				= BDE0, G: GAME
_K2T_I				= BDE1, G: GAME
_TOCADO				= BDE2, G: GAME
_X_PANT				= BDE3, G: GAME
_K2T_X				= BDE4, G: GAME
_K2T_Y				= BDE5, G: GAME
_P_FACING_H			= BDE6, G: GAME
_Y_PANT				= BDE7, G: GAME
_P_FACING_V			= BDE8, G: GAME
_P_THRUST			= BDE9, G: GAME
_POSSEE				= BDEA, G: GAME
_ORIG_TILE			= BDEB, G: GAME
_EN_AN_FRAME			= BDEC, G: GAME
_HITTER_FRAME			= BDEF, G: GAME
_SUCCESS			= BDF0, G: GAME
_K2T_SELECTED			= BDF1, G: GAME
_EN_AN_COUNT			= BDF2, G: GAME
_K2T_LAST_CHARACTER		= BDF5, G: GAME
_P_DISPARANDO			= BDF6, G: GAME
_P_SAFE_PANT			= BDF7, G: GAME
_K2T_LENGTH			= BDF8, G: GAME
L_AND				= BDF9, G: L_AND
L_ASL				= BE00, G: L_ASL
L_ASL1				= BE01, L: L_ASL
L_ASR				= BE07, G: L_ASR
L_ASR1				= BE08, L: L_ASR
L_ASR_U				= BE11, G: L_ASR_U
L_ASR_U_1			= BE12, L: L_ASR_U
L_DIV_U				= BE1B, G: L_DIV_U
ENTRY				= BE1F, L: L_DIV_U
L_DIV1				= BE26, L: L_DIV_U
L_DIV2				= BE30, L: L_DIV_U
L_EQ				= BE3A, G: L_EQ
L_GCHAR				= BE41, G: L_GCHAR
L_SXT				= BE42, L: L_GCHAR
L_GE				= BE47, G: L_GE
L_GINT				= BE55, G: L_GINT
L_GINTSPSP			= BE5A, G: L_GINTSPSP
L_GT				= BE63, G: L_GT
L_LE				= BE6F, G: L_LE
L_LNEG				= BE7D, G: L_LNEG
L_LT				= BE82, G: L_LT
L_MULT				= BE8E, G: L_MULT
L_MULT1				= BE95, L: L_MULT
L_MULT2				= BE9C, L: L_MULT
L_NE				= BE9F, G: L_NE
L_NEG				= BEA6, G: L_NEG
L_OR				= BEAE, G: L_OR
L_PINT				= BEB5, G: L_PINT
L_SXT				= BEBB, G: L_SXT
L_UGE				= BEC0, G: L_UGE
L_ULE				= BEC8, G: L_ULE
L_ULT				= BED0, G: L_ULT
L_XOR				= BED6, G: L_XOR
SPMOVESPRABS			= BEDF, G: SPMOVESPRABS
SPMOVESPRABSNC			= BEED, G: SPMOVESPRABS
ADJLOOP				= BEF8, L: SPMOVESPRABS
SPMOVESPRABSC			= BF06, G: SPMOVESPRABS
YINSCREEN			= BF1E, L: SPMOVESPRABS
XINSCREEN			= BF2E, L: SPMOVESPRABS
MVCOLLOOP			= BF45, L: SPMOVESPRABS
MVROWLOOP			= BF4B, L: SPMOVESPRABS
NOTDONE				= BF55, L: SPMOVESPRABS
NOINC1				= BF6D, L: SPMOVESPRABS
NOTINDLIST			= BF81, L: SPMOVESPRABS
NONEXT1				= BF81, L: SPMOVESPRABS
PDLOOP				= BF9E, L: SPMOVESPRABS
NOINC2				= BFA6, L: SPMOVESPRABS
PUTHERE				= BFB8, L: SPMOVESPRABS
NOINC3				= BFC7, L: SPMOVESPRABS
NODEC1				= BFD5, L: SPMOVESPRABS
NOINC4				= BFE1, L: SPMOVESPRABS
NONEXT2				= BFEE, L: SPMOVESPRABS
NOTDISPLAYED			= BFEE, L: SPMOVESPRABS
INVALIDATE			= C009, L: SPMOVESPRABS
COMPUTEDISP			= C018, L: SPMOVESPRABS
NOTNEGATIVE			= C036, L: SPMOVESPRABS
ADJUSTGRAPHICS			= C03B, L: SPMOVESPRABS
NOINC5				= C047, L: SPMOVESPRABS
SKIP1				= C057, L: SPMOVESPRABS
SKIP2				= C067, L: SPMOVESPRABS
SPDISPLAYLIST			= C06A, G: SPDISPLAYLIST
SPINVALIDATE			= CC6A, G: SPINVALIDATE
SPINVALIDATEP			= CC72, G: SPINVALIDATE
NOINC1				= CC8B, L: SPINVALIDATE
INVCOLLP			= CC8F, L: SPINVALIDATE
NOINC2				= CC9E, L: SPINVALIDATE
INVFULLCHAR			= CCA2, L: SPINVALIDATE
INVROWLP			= CCA4, L: SPINVALIDATE
NOINC3				= CCAF, L: SPINVALIDATE
SPBITLEFT2MASK			= CCBD, G: SPBITLEFT2MASK
SPBITRIGHT2MASK			= CCC5, G: SPBITRIGHT2MASK
SPCOMPDIRTYADDR			= CCCD, G: SPCOMPDIRTYADDR
SPDIRTYCHARS			= CCE2, G: SPDIRTYCHARS
SPINTRECT			= CD42, G: SPINTRECT
SPINTSMALLIVAL			= CD73, G: SPINTRECT
TRYOTHERWAY			= CD87, L: SPINTRECT
SPPTINSMALLIVAL			= CD98, G: SPINTRECT
BROKEN				= CDA4, L: SPINTRECT
SPNULLSPRPTR			= CDAB, G: SPNULLSPRPTR
SP_ADDCOLSPR			= CDBB, G: SP_ADDCOLSPR
SPADDCOLSPR			= CDDA, G: SPADDCOLSPR
ACNOCRY				= CDE5, L: SPADDCOLSPR
ACLOOP				= CDF6, L: SPADDCOLSPR
NOINC1				= CE32, L: SPADDCOLSPR
ACNOCRY3			= CE46, L: SPADDCOLSPR
ACFAIL				= CE73, L: SPADDCOLSPR
JPHL				= CE84, L: SPADDCOLSPR
SPDELETESPR			= CE85, G: SPDELETESPR
LOOP				= CE89, L: SPDELETESPR
SPDSLOOP			= CE96, G: SPDELETESPR
JPHL				= CE9E, L: SPDELETESPR
SP_ADDMEMORY			= CE9F, G: SP_ADDMEMORY
SPADDMEMORY			= CEB8, G: SPADDMEMORY
IB1				= CEC0, L: SPADDMEMORY
IB2				= CEC7, L: SPADDMEMORY
SPFREEBLOCK			= CED4, G: SPFREEBLOCK
SPFB1				= CED9, G: SPFREEBLOCK
SPFB2				= CEE4, G: SPFREEBLOCK
SPQUEUETABLE			= CEEF, G: SPQUEUETABLE
SP_BLOCKALLOC			= CEF1, G: SP_BLOCKALLOC
SPBLOCKALLOC			= CEFF, G: SPBLOCKALLOC
SPALLOC				= CF09, G: SPBLOCKALLOC
SP_BORDER			= CF1A, G: SP_BORDER
SPBORDERCLR			= CF23, G: SPBORDER
SPBORDER			= CF24, G: SPBORDER
SP_CREATEGENERICISR		= CF2C, G: SP_CREATEGENERICISR
SPCREATEGENERICISR		= CF35, G: SPCREATEGENERICISR
GENERICISR			= CF3E, L: SPCREATEGENERICISR
POSITION			= CF41, L: SPCREATEGENERICISR
PUSHREG				= CF4A, L: SPCREATEGENERICISR
JPHL				= CF59, L: SPCREATEGENERICISR
RUNHOOKS			= CF5A, L: SPCREATEGENERICISR
POPREG				= CF6C, L: SPCREATEGENERICISR
SP_CREATESPR			= CF7D, G: SP_CREATESPR
SPCREATESPR			= CF9A, G: SPCREATESPR
CSLOOP				= CFEB, L: SPCREATESPR
CSENTER				= CFFF, L: SPCREATESPR
NOTCOMPRESS			= D011, L: SPCREATESPR
CONT				= D016, L: SPCREATESPR
CSNOCRY				= D02D, L: SPCREATESPR
CSFAIL1				= D037, L: SPCREATESPR
CSFAIL2				= D039, L: SPCREATESPR
JPHL				= D042, L: SPCREATESPR
SP_FREEBLOCK			= D043, G: SP_FREEBLOCK
SP_GETKEY			= D04E, G: SP_GETKEY
KEYOK				= D054, L: SP_GETKEY
STATE				= D059, L: SPGETKEY
COUNT				= D05A, L: SPGETKEY
SPKEYDEBOUNCE			= D05B, G: SPGETKEY
SPKEYSTARTREPEAT		= D05C, G: SPGETKEY
SPKEYREPEATPERIOD		= D05D, G: SPGETKEY
SPINKEY				= D05E, G: SPGETKEY
SPGETKEY			= D06F, G: SPGETKEY
SCANLOOP			= D076, L: SPGETKEY
KEYROWLOOP			= D07A, L: SPGETKEY
NOPRESS				= D08A, L: SPGETKEY
NEXTSCANROW			= D08F, L: SPGETKEY
ATMAXCOUNT			= D0A0, L: SPGETKEY
SKIP				= D0B7, L: SPGETKEY
NOCAPS				= D0CD, L: SPGETKEY
NOSYM				= D0D8, L: SPGETKEY
TOOMANYKEYS			= D0DB, L: SPGETKEY
NOKEYS				= D0DB, L: SPGETKEY
SPKEYTRANSTBL			= D0E3, G: SPKEYTRANSTBL
SPTBLLOOKUP			= D183, G: SPTBLLOOKUP
NOINC				= D189, L: SPTBLLOOKUP
SP_INITIALIZE			= D18B, G: SP_INITIALIZE
SPINITIALIZE			= D197, G: SPINITIALIZE
ROTTBLLP			= D1BD, L: SPINITIALIZE
ENTRYLP				= D1C4, L: SPINITIALIZE
ROTLP				= D1C7, L: SPINITIALIZE
LOOP				= D1E0, L: SPINITIALIZE
CONT1				= D1E8, L: SPINITIALIZE
NOADD				= D1F2, L: SPINITIALIZE
USERTILE			= D1F5, L: SPINITIALIZE
SPTILEARRAY			= D1FA, G: SPTILEARRAY
SP_INITIM2			= D3FA, G: SP_INITIM2
SPINITIM2			= D405, G: SPINITIM2
SP_JOYKEMPSTON			= D41B, G: SP_JOYKEMPSTON
SPJOYKEMPSTON			= D422, G: SPJOYKEMPSTON
KEMPTBL				= D42D, L: SPJOYKEMPSTON
SP_JOYKEYBOARD			= D44D, G: SP_JOYKEYBOARD
SPJOYKEYBOARD			= D45B, G: SPJOYKEYBOARD
NOFIRE				= D468, L: SPJOYKEYBOARD
JKLOOP				= D468, L: SPJOYKEYBOARD
NOPRESS				= D473, L: SPJOYKEYBOARD
SP_JOYSINCLAIR1			= D47A, G: SP_JOYSINCLAIR1
SPJOYSINCLAIR1			= D481, G: SPJOYSINCLAIR1
SINC1TBL			= D48D, L: SPJOYSINCLAIR1
SP_KEYPRESSED			= D4AD, G: SP_KEYPRESSED
SPKEYPRESSED			= D4BD, G: SPKEYPRESSED
NOCAPS				= D4C9, L: SPKEYPRESSED
NOSYM				= D4D5, L: SPKEYPRESSED
SP_PRINTATINV			= D4E1, G: SP_PRINTATINV
SPPRINTATINV			= D4F3, G: SPPRINTATINV
SPBIT2MASK			= D50B, G: SPBIT2MASK
SPCOMPDLISTADDR			= D513, G: SPCOMPDLISTADDR
SP_REGISTERHOOK			= D524, G: SP_REGISTERHOOK
SP_REGISTERHOOKLAST		= D53A, G: SP_REGISTERHOOKLAST
SPREGISTERHOOKLAST		= D549, G: SPREGISTERHOOKLAST
SPREGISTERHOOK			= D549, G: SPREGISTERHOOKLAST
LOOP				= D552, L: SPREGISTERHOOKLAST
DONE				= D55D, L: SPREGISTERHOOKLAST
SP_TILEARRAY			= D566, G: SP_TILEARRAY
SPTILEENTRY			= D574, G: SPTILEENTRY
NOINC				= D57D, L: SPTILEENTRY
SP_UPDATENOW			= D585, G: SP_UPDATENOW
TEMPGRAPHIC			= D589, L: SPUPDATENOW
TEMPCOLOUR			= D591, L: SPUPDATENOW
SPUPDATENOW			= D592, G: SPUPDATENOW
DIRTYLOOP			= D59B, L: SPUPDATENOW
NOTACROSSBLK1			= D5AB, L: SPUPDATENOW
REENTER				= D5B3, L: SPUPDATENOW
NOINC1				= D5B3, L: SPUPDATENOW
DIRTYAREA			= D5C1, L: SPUPDATENOW
NOTACROSSBLK2			= D5FB, L: SPUPDATENOW
TILEONLY			= D602, L: SPUPDATENOW
NOINC11				= D60D, L: SPUPDATENOW
DRAWCHAR			= D631, L: SPUPDATENOW
NOTLOAD				= D65F, L: SPUPDATENOW
NOINC10				= D66A, L: SPUPDATENOW
SPRITELOOP			= D67F, L: SPUPDATENOW
DOSPRITE			= D683, L: SPUPDATENOW
COLOURSPRITE			= D78D, L: SPUPDATENOW
CLEAR				= D797, L: SPUPDATENOW
COPYBUFFER			= D7A2, L: SPUPDATENOW
NOMORESPRITES			= D7C4, L: SPUPDATENOW
MASKNOROTATE			= D7D2, L: SPUPDATENOW
LOADTYPE			= D81D, L: SPUPDATENOW
LOADNOROTATE			= D88B, L: SPUPDATENOW
XORTYPE				= D8AA, L: SPUPDATENOW
XORNOROTATE			= D930, L: SPUPDATENOW
ORTYPE				= D962, L: SPUPDATENOW
ORNOROTATE			= D9E8, L: SPUPDATENOW
SP_WAITFORNOKEY			= DA1A, G: SP_WAITFORNOKEY
SPWAITFORNOKEY			= DA1E, G: SPWAITFORNOKEY
