ACFAIL				= BA43, L: SPADDCOLSPR
ACLOOP				= B9C6, L: SPADDCOLSPR
ACNOCRY				= B9B5, L: SPADDCOLSPR
ACNOCRY3			= BA16, L: SPADDCOLSPR
ADJLOOP				= B5E1, L: SPMOVESPRABS
ADJUSTGRAPHICS			= B724, L: SPMOVESPRABS
APBRANCH1			= 886C, L: TM
APBRANCH2			= 88AF, L: TM
APBRANCH3			= 889B, L: TM
APBRANCH4			= 8892, L: TM
APGET4BITS			= 8884, L: TM
APLOOP				= 8871, L: TM
APLOOP0				= 886E, L: TM
APSKIP2				= 88CE, L: TM
APSKIP3				= 88D7, L: TM
APWRITEBYTE			= 888E, L: TM
AP_FINISHUP			= 88DA, L: TM
AP_FINISHUP2			= 88DD, L: TM
AP_GETBIT			= 88F0, L: TM
AP_GETGAMMA			= 88FC, L: TM
AP_GETGAMMALOOP			= 88FF, L: TM
AP_R0_GAMMA			= 88E4, L: TM
ATMAXCOUNT			= BC1F, L: SPGETKEY
BROKEN				= B5BF, L: SPINTRECT
BUCLE				= 8C89, L: TM
BUCLE1				= 8C8C, L: TM
BUCLE2				= 8C94, L: TM
CLEAR				= C016, L: SPUPDATENOW
CLEARB1				= 8C74, L: TM
CLEARB2				= 8C77, L: TM
CNT_1A				= 9FD6, L: TM
CNT_1B				= 9FDA, L: TM
CNT_2				= 9FE7, L: TM
COLOURSPRITE			= C014, L: SPUPDATENOW
COMPUTEDISP			= B701, L: SPMOVESPRABS
CONT				= BB95, L: SPCREATESPR
CONT1				= BD5F, L: SPINITIALIZE
COPYBUFFER			= C021, L: SPUPDATENOW
COUNT				= BBD9, L: SPGETKEY
CSENTER				= BB7E, L: SPCREATESPR
CSFAIL1				= BBB6, L: SPCREATESPR
CSFAIL2				= BBB8, L: SPCREATESPR
CSLOOP				= BB6A, L: SPCREATESPR
CSNOCRY				= BBAC, L: SPCREATESPR
CURRENT_INST			= 9F35, L: TM
DEPACK				= 8869, L: TM
DIRTYAREA			= BE48, L: SPUPDATENOW
DIRTYLOOP			= BE22, L: SPUPDATENOW
DIV_1A				= 9FDD, L: TM
DIV_1B				= 9FE0, L: TM
DIV_2				= 9FEA, L: TM
DN_LOOP0			= A113, L: TM
DN_LOOP1			= A11B, L: TM
DOSPRITE			= BF0A, L: SPUPDATENOW
DRAWCHAR			= BEB8, L: SPUPDATENOW
DRUMS				= A0B9, L: TM
DRUM_NOISE			= A10F, L: TM
DRUM_NOISE1			= A0F9, L: TM
DRUM_NOISE2			= A101, L: TM
DRUM_NOISE3			= A109, L: TM
DRUM_TABLE			= A1A4, L: TM
DRUM_TONE			= A0DC, L: TM
DRUM_TONE1			= A0C6, L: TM
DRUM_TONE2			= A0CA, L: TM
DRUM_TONE3			= A0CE, L: TM
DRUM_TONE4			= A0D2, L: TM
DRUM_TONE5			= A0D6, L: TM
DRUM_TONE6			= A0DA, L: TM
DT_LOOP0			= A0E3, L: TM
DT_LOOP1			= A0F0, L: TM
ENTRY				= A7FC, L: L_DIV_U
ENTRYLP				= BD3B, L: SPINITIALIZE
EXIT_PLAYER			= 9FC5, L: TM
FREQ_TABLE			= A12C, L: TM
HIDE_SPRITES_ENEMS_LOOP		= 8DBD, L: TM
IB1				= BA90, L: SPADDMEMORY
IB2				= BA97, L: SPADDMEMORY
INSTRUM_TBL			= 9FB6, L: TM
INVALIDATE			= B6F2, L: SPMOVESPRABS
INVCOLLP			= B4AA, L: SPINVALIDATE
INVFULLCHAR			= B4BD, L: SPINVALIDATE
INVROWLP			= B4BF, L: SPINVALIDATE
I_1				= A3B0, L: TM
I_10				= 8B45, L: TM
I_100				= 9D69, L: TM
I_101_I_100			= 9D6C, L: TM
I_102				= 9DB6, L: TM
I_103				= 9D9D, L: TM
I_104_I_103			= 9DA0, L: TM
I_105				= 9DFC, L: TM
I_106				= 9DDA, L: TM
I_106_UGE			= 9DD8, L: TM
I_107_I_106			= 9DDD, L: TM
I_108				= 9E57, L: TM
I_109				= 9E13, L: TM
I_11				= 8B76, L: TM
I_110_I_109			= 9E16, L: TM
I_111				= 9E57, L: TM
I_112				= 9E57, L: TM
I_113				= 9E6B, L: TM
I_114				= 9E89, L: TM
I_115				= 9E8C, L: TM
I_12				= 8B4F, L: TM
I_13				= 8CD6, L: TM
I_14				= 8CDE, L: TM
I_15				= 8D04, L: TM
I_16				= 8D0E, L: TM
I_17				= 8CDF, L: TM
I_18				= 8CED, L: TM
I_19				= 8CFC, L: TM
I_20				= 8CE6, L: TM
I_21				= 8D04, L: TM
I_22				= 8D6F, L: TM
I_23				= 8DA7, L: TM
I_24				= 8DA4, L: TM
I_25				= 8D88, L: TM
I_25_UGE			= 8D7F, L: TM
I_26_I_25			= 8D8B, L: TM
I_27				= 8F6C, L: TM
I_28				= 8F73, L: TM
I_29				= 8FB6, L: TM
I_30				= 8FC1, L: TM
I_31				= 8FD3, L: TM
I_32				= 8FED, L: TM
I_33				= 9000, L: TM
I_34				= 923A, L: TM
I_35				= 924D, L: TM
I_36				= 9366, L: TM
I_37				= 938D, L: TM
I_38				= 938D, L: TM
I_39				= 93A5, L: TM
I_40				= 939B, L: TM
I_41_I_40			= 939E, L: TM
I_42				= 94A9, L: TM
I_43				= 9737, L: TM
I_44				= 94AE, L: TM
I_45				= 95C4, L: TM
I_47				= 95C4, L: TM
I_48				= 954B, L: TM
I_49				= 9563, L: TM
I_50				= 9563, L: TM
I_51				= 9563, L: TM
I_52				= 9563, L: TM
I_53				= 95AB, L: TM
I_54				= 9608, L: TM
I_55				= 9705, L: TM
I_56				= 96BF, L: TM
I_57				= 9705, L: TM
I_58				= 9705, L: TM
I_59				= 9760, L: TM
I_60				= 976F, L: TM
I_61				= 9750, L: TM
I_62				= 97E7, L: TM
I_63				= 97F6, L: TM
I_64				= 97D7, L: TM
I_65				= 989D, L: TM
I_66				= 993E, L: TM
I_67				= 98A2, L: TM
I_68				= 9978, L: TM
I_69				= 996B, L: TM
I_70_I_69			= 996E, L: TM
I_71				= 997F, L: TM
I_72				= 9A45, L: TM
I_73				= 99B0, L: TM
I_74				= 99A6, L: TM
I_75_I_74			= 99A9, L: TM
I_76				= 99CD, L: TM
I_77				= 99CD, L: TM
I_78				= 99FA, L: TM
I_79				= 99EA, L: TM
I_80_I_79			= 99ED, L: TM
I_81				= 9A45, L: TM
I_82				= 9A45, L: TM
I_83				= 9A23, L: TM
I_85				= 9A95, L: TM
I_86				= 9A80, L: TM
I_87_I_86			= 9A83, L: TM
I_88				= 9A99, L: TM
I_89				= 9E92, L: TM
I_90				= 9ABE, L: TM
I_91				= 9AE5, L: TM
I_92				= 9B38, L: TM
I_93				= 9E6E, L: TM
I_94				= 9B62, L: TM
I_95				= 9B73, L: TM
I_96				= 9B97, L: TM
I_97				= 9BC7, L: TM
I_98				= 9CB2, L: TM
I_99				= 9D86, L: TM
JKLOOP				= BDBE, L: SPJOYKEYBOARD
JPHL				= BBC1, L: SPCREATESPR
JPHL				= BA6E, L: SPDELETESPR
JPHL				= BA54, L: SPADDCOLSPR
KEMPTBL				= BD83, L: SPJOYKEMPSTON
KEYOK				= BBD3, L: SP_GETKEY
KEYROWLOOP			= BBF9, L: SPGETKEY
L8098				= 9F3E, L: TM
L809B				= 9F41, L: TM
L8168				= 9FFA, L: TM
L8171				= A003, L: TM
L8173				= A005, L: TM
L8179				= A00B, L: TM
L817B				= A00D, L: TM
L8184				= A016, L: TM
L8186				= A018, L: TM
L818A				= A01C, L: TM
L8193				= A025, L: TM
L8195				= A027, L: TM
L819B				= A02D, L: TM
L819D				= A02F, L: TM
L81A6				= A038, L: TM
L81A8				= A03A, L: TM
L81AC				= A03E, L: TM
L81B5				= A047, L: TM
L81B7				= A049, L: TM
L81BD				= A04F, L: TM
L81BF				= A051, L: TM
L81C8				= A05A, L: TM
L81CA				= A05C, L: TM
L81CE				= A060, L: TM
L81D7				= A069, L: TM
L81D9				= A06B, L: TM
L81DF				= A071, L: TM
L81E1				= A073, L: TM
L81EA				= A07C, L: TM
L81EC				= A07E, L: TM
L81F9				= A08B, L: TM
L81FB				= A08D, L: TM
L8201				= A093, L: TM
L8203				= A095, L: TM
L820C				= A09E, L: TM
L820E				= A0A0, L: TM
LOADNOROTATE			= C110, L: SPUPDATENOW
LOADTYPE			= C0A2, L: SPUPDATENOW
LOOP				= BD57, L: SPINITIALIZE
LOOP				= BA59, L: SPDELETESPR
L_AND				= A7E0, G: L_AND
L_ASL				= A7E7, G: L_ASL
L_ASL1				= A7E8, L: L_ASL
L_ASR				= A7EE, G: L_ASR
L_ASR1				= A7EF, L: L_ASR
L_DIV1				= A803, L: L_DIV_U
L_DIV2				= A80D, L: L_DIV_U
L_DIV_U				= A7F8, G: L_DIV_U
L_EQ				= A817, G: L_EQ
L_GCHAR				= A81E, G: L_GCHAR
L_GINT				= A824, G: L_GINT
L_GT				= A829, G: L_GT
L_LE				= A835, G: L_LE
L_LNEG				= A843, G: L_LNEG
L_LT				= A848, G: L_LT
L_NE				= A854, G: L_NE
L_NEG				= A85B, G: L_NEG
L_PINT				= A863, G: L_PINT
L_SXT				= A869, G: L_SXT
L_SXT				= A81F, L: L_GCHAR
L_ULT				= A86E, G: L_ULT
MAIN_LOOP			= 9EF3, L: TM
MASKNOROTATE			= C057, L: SPUPDATENOW
MB1				= 864A, L: TM
MUSICDATA			= A1B6, L: TM
MUSICSTART			= 9E9A, L: TM
MVCOLLOOP			= B62E, L: SPMOVESPRABS
MVROWLOOP			= B634, L: SPMOVESPRABS
NEXTDATA			= 8975, L: TM
NEXTRAND			= 8CBB, L: TM
NEXTSCANROW			= BC0E, L: SPGETKEY
NEXT_PATTERN			= 9EDF, L: TM
NOADD				= BD69, L: SPINITIALIZE
NOCAPS				= BC4C, L: SPGETKEY
NODEC1				= B6BE, L: SPMOVESPRABS
NOFIRE				= BDBE, L: SPJOYKEYBOARD
NOINC				= B789, L: SPTBLLOOKUP
NOINC1				= BE3A, L: SPUPDATENOW
NOINC1				= BA02, L: SPADDCOLSPR
NOINC1				= B656, L: SPMOVESPRABS
NOINC1				= B4A6, L: SPINVALIDATE
NOINC10				= BEF1, L: SPUPDATENOW
NOINC11				= BE94, L: SPUPDATENOW
NOINC2				= B68F, L: SPMOVESPRABS
NOINC2				= B4B9, L: SPINVALIDATE
NOINC3				= B6B0, L: SPMOVESPRABS
NOINC3				= B4CA, L: SPINVALIDATE
NOINC4				= B6CA, L: SPMOVESPRABS
NOINC5				= B730, L: SPMOVESPRABS
NOKEYS				= BC5A, L: SPGETKEY
NOMORESPRITES			= C043, L: SPUPDATENOW
NONEXT1				= B66A, L: SPMOVESPRABS
NONEXT2				= B6D7, L: SPMOVESPRABS
NOPRESS				= BDC9, L: SPJOYKEYBOARD
NOPRESS				= BC09, L: SPGETKEY
NOSYM				= BC57, L: SPGETKEY
NOTACROSSBLK1			= BE32, L: SPUPDATENOW
NOTACROSSBLK2			= BE82, L: SPUPDATENOW
NOTCOMPRESS			= BB90, L: SPCREATESPR
NOTDISPLAYED			= B6D7, L: SPMOVESPRABS
NOTDONE				= B63E, L: SPMOVESPRABS
NOTE_PTR			= A12A, L: TM
NOTINDLIST			= B66A, L: SPMOVESPRABS
NOTLOAD				= BEE6, L: SPUPDATENOW
NOTNEGATIVE			= B71F, L: SPMOVESPRABS
NO_PATTERN_LOOP			= 9EEA, L: TM
ORNOROTATE			= C26D, L: SPUPDATENOW
ORTYPE				= C1E7, L: SPUPDATENOW
OTHER				= 9F9F, L: TM
OUT_1				= 9FE3, L: TM
OUT_2				= 9FED, L: TM
PAT0				= A1D2, L: TM
PAT1				= A242, L: TM
PAT2				= A2B9, L: TM
PAT3				= A32D, L: TM
PATTERNDATA			= A1C6, L: TM
PATTERN_ADDR			= A127, L: TM
PATTERN_LOOP_BEGIN		= 9EE9, L: TM
PATTERN_LOOP_END		= 9EE5, L: TM
PATTERN_PTR			= A129, L: TM
PDLOOP				= B687, L: SPMOVESPRABS
PLAYER				= 9EBE, L: TM
PLAYER_WAIT_KEY			= 9FF5, L: TM
PLAY_NOTE			= 9FEE, L: TM
PRINT_STR_LOOP			= 8C50, L: TM
PUTHERE				= B6A1, L: SPMOVESPRABS
RAND16				= 8CA3, L: TM
READDATA			= 891D, L: TM
READDATA_SOUND			= 8926, L: TM
READ_LOOP			= 9EF6, L: TM
REENTER				= BE3A, L: SPUPDATENOW
RENDER				= 9FCC, L: TM
REPITATODO			= 8C83, L: TM
ROTLP				= BD3E, L: SPINITIALIZE
ROTTBLLP			= BD34, L: SPINITIALIZE
SCANLOOP			= BBF5, L: SPGETKEY
SET_NOTE2			= 9F67, L: TM
SET_STOP			= 9F7B, L: TM
SET_STOP2			= 9F94, L: TM
SFXROUTINENOISE			= 8979, L: TM
SFXROUTINENOISE_BORDER		= 8987, L: TM
SFXROUTINENOISE_L0		= 8980, L: TM
SFXROUTINENOISE_L1		= 8984, L: TM
SFXROUTINENOISE_L2		= 8994, L: TM
SFXROUTINETONE			= 8938, L: TM
SFXROUTINETONE_BORDER		= 8952, L: TM
SFXROUTINETONE_DUTY		= 894D, L: TM
SFXROUTINETONE_L0		= 8947, L: TM
SFXROUTINETONE_L1		= 894B, L: TM
SINC1TBL			= BDE3, L: SPJOYSINCLAIR1
SKIP				= BC36, L: SPGETKEY
SKIP1				= B740, L: SPMOVESPRABS
SKIP2				= B750, L: SPMOVESPRABS
SKIPUPDATECOL			= C054, L: SPUPDATENOW
SKIP_CH1			= 9FBF, L: TM
SOUNDEFFECTSDATA		= 89A8, L: TM
SOUNDEFFECTSDATA_SFX0		= 89C0, L: TM
SOUNDEFFECTSDATA_SFX1		= 89CC, L: TM
SOUNDEFFECTSDATA_SFX10		= 8A92, L: TM
SOUNDEFFECTSDATA_SFX11		= 8A9A, L: TM
SOUNDEFFECTSDATA_SFX2		= 89D8, L: TM
SOUNDEFFECTSDATA_SFX3		= 89F2, L: TM
SOUNDEFFECTSDATA_SFX4		= 89FE, L: TM
SOUNDEFFECTSDATA_SFX5		= 8A0A, L: TM
SOUNDEFFECTSDATA_SFX6		= 8A16, L: TM
SOUNDEFFECTSDATA_SFX7		= 8A2D, L: TM
SOUNDEFFECTSDATA_SFX8		= 8A70, L: TM
SOUNDEFFECTSDATA_SFX9		= 8A8A, L: TM
SOUND_PLAY			= 890C, L: TM
SPADDCOLSPR			= B9AA, G: SPADDCOLSPR
SPADDMEMORY			= BA88, G: SPADDMEMORY
SPALLOC				= BAD9, G: SPBLOCKALLOC
SPBIT2MASK			= B77B, G: SPBIT2MASK
SPBITLEFT2MASK			= B4D8, G: SPBITLEFT2MASK
SPBITRIGHT2MASK			= B4E0, G: SPBITRIGHT2MASK
SPBLOCKALLOC			= BACF, G: SPBLOCKALLOC
SPBORDER			= BAF4, G: SPBORDER
SPBORDERCLR			= BAF3, G: SPBORDER
SPCOMPDIRTYADDR			= B4E8, G: SPCOMPDIRTYADDR
SPCOMPDLISTADDR			= A874, G: SPCOMPDLISTADDR
SPCREATESPR			= BB19, G: SPCREATESPR
SPDELETESPR			= BA55, G: SPDELETESPR
SPDIRTYCHARS			= B4FD, G: SPDIRTYCHARS
SPDISPLAYLIST			= A885, G: SPDISPLAYLIST
SPDSLOOP			= BA66, G: SPDELETESPR
SPFB1				= BAA9, G: SPFREEBLOCK
SPFB2				= BAB4, G: SPFREEBLOCK
SPFREEBLOCK			= BAA4, G: SPFREEBLOCK
SPGETKEY			= BBEE, G: SPGETKEY
SPINITIALIZE			= BD0E, G: SPINITIALIZE
SPINKEY				= BBDD, G: SPGETKEY
SPINTRECT			= B55D, G: SPINTRECT
SPINTSMALLIVAL			= B58E, G: SPINTRECT
SPINVALIDATE			= B485, G: SPINVALIDATE
SPINVALIDATEP			= B48D, G: SPINVALIDATE
SPJOYKEMPSTON			= BD78, G: SPJOYKEMPSTON
SPJOYKEYBOARD			= BDB1, G: SPJOYKEYBOARD
SPJOYSINCLAIR1			= BDD7, G: SPJOYSINCLAIR1
SPKEYDEBOUNCE			= BBDA, G: SPGETKEY
SPKEYREPEATPERIOD		= BBDC, G: SPGETKEY
SPKEYSTARTREPEAT		= BBDB, G: SPGETKEY
SPKEYTRANSTBL			= BC62, G: SPKEYTRANSTBL
SPMOVESPRABS			= B5C8, G: SPMOVESPRABS
SPMOVESPRABSC			= B5EF, G: SPMOVESPRABS
SPMOVESPRABSNC			= B5D6, G: SPMOVESPRABS
SPNULLSPRPTR			= B753, G: SPNULLSPRPTR
SPPRINTATINV			= B763, G: SPPRINTATINV
SPPTINSMALLIVAL			= B5B3, G: SPINTRECT
SPQUEUETABLE			= BABF, G: SPQUEUETABLE
SPRITELOOP			= BF06, L: SPUPDATENOW
SPTBLLOOKUP			= B783, G: SPTBLLOOKUP
SPTILEARRAY			= B78B, G: SPTILEARRAY
SPUPDATENOW			= BE16, G: SPUPDATENOW
SP_ADDCOLSPR			= B98B, G: SP_ADDCOLSPR
SP_ADDMEMORY			= BA6F, G: SP_ADDMEMORY
SP_BLOCKALLOC			= BAC1, G: SP_BLOCKALLOC
SP_BORDER			= BAEA, G: SP_BORDER
SP_CREATESPR			= BAFC, G: SP_CREATESPR
SP_FREEBLOCK			= BBC2, G: SP_FREEBLOCK
SP_GETKEY			= BBCD, G: SP_GETKEY
SP_INITIALIZE			= BD02, G: SP_INITIALIZE
SP_JOYKEMPSTON			= BD71, G: SP_JOYKEMPSTON
SP_JOYKEYBOARD			= BDA3, G: SP_JOYKEYBOARD
SP_JOYSINCLAIR1			= BDD0, G: SP_JOYSINCLAIR1
SP_UPDATENOW			= BE03, G: SP_UPDATENOW
START				= 5DC0, L: ZX82_CRT0
STATE				= BBD8, L: SPGETKEY
TEMPCOLOUR			= BE14, L: SPUPDATENOW
TEMPGRAPHIC			= BE0C, L: SPUPDATENOW
TILEONLY			= BE89, L: SPUPDATENOW
TOOMANYKEYS			= BC5A, L: SPGETKEY
TRYOTHERWAY			= B5A2, L: SPINTRECT
UPDATE_ATTRS			= BE15, G: SPUPDATENOW
UPDATE_SPRITES_BADDIES_LOOP	= 9BE6, L: TM
UPDATE_SPRITES_PLAYER		= 9C66, L: TM
USERTILE			= BD6C, L: SPINITIALIZE
VPCLIPSTRUCT			= 5DF6, L: TM
XINSCREEN			= B617, L: SPMOVESPRABS
XORNOROTATE			= C1B5, L: SPUPDATENOW
XORTYPE				= C12F, L: SPUPDATENOW
YINSCREEN			= B607, L: SPMOVESPRABS
_ACTIVE				= A515, G: TM
_ADDSIGN			= 8CC5, G: TM
_ADVANCE_WORM			= 8DE8, G: TM
_ADVANCE_WORM_CONTINUE		= 8E1F, L: TM
_AD_FREE			= A568, G: TM
_ANIMATE			= A55C, G: TM
_AT1				= A553, G: TM
_AT2				= A554, G: TM
_AY_REGS			= 8AF7, G: TM
_BADDIES			= 79A2, G: TM
_BEHS				= 5DC6, G: TM
_BUSY_WAIT			= 8CDF, G: TM
_CM_TWO_POINTS			= 8D0F, G: TM
_CM_TWO_POINTS_AT1_DO		= 8D20, L: TM
_CM_TWO_POINTS_AT1_DONE		= 8D3A, L: TM
_CM_TWO_POINTS_AT1_RESET	= 8D1D, L: TM
_CM_TWO_POINTS_AT2_DO		= 8D4E, L: TM
_CM_TWO_POINTS_AT2_DONE		= 8D68, L: TM
_CM_TWO_POINTS_AT2_RESET	= 8D4B, L: TM
_CONTINUE_ENEMS_LOOP_A		= 9705, L: TM
_CORTINA			= 8C6F, G: TM
_CX1				= A555, G: TM
_CX2				= A556, G: TM
_CY1				= A557, G: TM
_CY2				= A559, G: TM
_DO_ATTRS			= A548, G: TM
_DO_GAME			= 9A99, G: TM
_DRAW_BUFF			= 8690, G: TM
_DRAW_COLOURED_TILE		= 8B77, G: TM
_DRAW_OBJS			= 8C39, G: TM
_DRAW_SCR			= 8E27, G: TM
_DRAW_SCR_ADVANCE_LOOP		= 8E6C, L: TM
_DRAW_SCR_ADVANCE_LOOP_DONE	= 8E7D, L: TM
_DRAW_SCR_GET_SCR_ADDRESS	= 8E2F, L: TM
_DRAW_SCR_LOOP			= 8E53, L: TM
_DRAW_SCR_LOOP_DONE		= 8E82, L: TM
_DRAW_SCR_RLE			= 8E45, L: TM
_ENEMS_COLLISION		= 96BF, L: TM
_ENEMS_COLLISION_DO		= 96FB, L: TM
_ENEMS_COLLISION_DONE		= 9705, L: TM
_ENEMS_GET_POINTER		= 941E, G: TM
_ENEMS_INIT			= 942E, G: TM
_ENEMS_INIT_LINEAR		= 9471, L: TM
_ENEMS_INIT_LINEAR_DONE		= 947B, L: TM
_ENEMS_INIT_LOOP		= 943B, L: TM
_ENEMS_INIT_TYPE_DONE		= 947B, L: TM
_ENEMS_LM_CHANGE_AXIS_X		= 9580, L: TM
_ENEMS_LM_CHANGE_AXIS_X_DONE	= 9588, L: TM
_ENEMS_LM_CHANGE_AXIS_Y		= 95A0, L: TM
_ENEMS_LM_CHANGE_AXIS_Y_DONE	= 95A8, L: TM
_ENEMS_MOVE			= 9480, G: TM
_ENEMS_MOVE_ANIMATE_COUNT_SET	= 9607, L: TM
_ENEMS_MOVE_ANIMATE_FRAME_FLIP	= 95DE, L: TM
_ENEMS_MOVE_PREGOTTEN_NOT	= 953B, L: TM
_ENEMS_MOVE_PREGOTTEN_SET	= 953C, L: TM
_ENEMS_PLATS_HORZ_DO		= 964A, L: TM
_ENEMS_PLATS_HORZ_DONE		= 965F, L: TM
_ENEMS_PLATS_PRY_SET		= 96A6, L: TM
_ENEMS_PLATS_VERT_CHECK_1	= 965F, L: TM
_ENEMS_PLATS_VERT_CHECK_2	= 967E, L: TM
_ENEMS_PLATS_VERT_DO		= 968F, L: TM
_ENEMS_PLATS_VERT_DONE		= 96B9, L: TM
_ENEM_FRAMES			= 7C8A, G: TM
_ENOFFS				= A533, G: TM
_ENOFFSMASI			= A7CF, G: TM
_EN_AN_BASE_FRAME		= A3D7, G: TM
_EN_AN_COUNT			= A7DC, G: TM
_EN_AN_CURRENT_FRAME		= A522, G: TM
_EN_AN_FRAME			= A7D8, G: TM
_EN_AN_LIFE			= A528, G: TM
_EN_AN_NEXT_FRAME		= A54B, G: TM
_FX_AY				= 8B05, G: TM
_FX_BEEPER			= 8AC7, G: TM
_GAME_ENDING			= 9738, G: TM
_GAME_OVER			= 9780, G: TM
_GAME_WIN_CONDITION		= 9A4F, G: TM
_GPAUX				= A47D, G: TM
_GPC				= A55D, G: TM
_GPCX				= A539, G: TM
_GPCY				= A53C, G: TM
_GPD				= A55E, G: TM
_GPIT				= A53D, G: TM
_GPJT				= A53E, G: TM
_GPT				= A563, G: TM
_GPX				= A7C2, G: TM
_GPY				= A7C3, G: TM
_GP_GEN				= A52E, G: TM
_GP_MAP				= A530, G: TM
_HALF_LIFE			= A3E0, G: TM
_HIT				= A560, G: TM
_HIT_H				= A3E4, G: TM
_HIT_V				= A47B, G: TM
_HOTSPOTS			= 7C2A, G: TM
_HOTSPOTS_CLEAR_CHECK		= 9D0D, L: TM
_HOTSPOTS_COLLISION		= 9CB2, L: TM
_HOTSPOTS_DO			= 9CE6, L: TM
_HOTSPOTS_DONE			= 9D52, L: TM
_HOTSPOTS_SETUP			= 8E82, L: TM
_HOTSPOTS_SETUP_DO		= 8EA0, L: TM
_HOTSPOTS_SETUP_DONE		= 8EFA, L: TM
_HOTSPOTS_TYPE_1_DO		= 9CF1, L: TM
_HOTSPOTS_TYPE_1_DONE		= 9D0D, L: TM
_HOTSPOT_T			= A3DA, G: TM
_HOTSPOT_X			= A3DB, G: TM
_HOTSPOT_Y			= A3DC, G: TM
_INVALIDATE_TILE		= 8BBD, G: TM
_INVALIDATE_VIEWPORT		= 8BD6, G: TM
_ITJ				= A7C4, G: TM
_JOYFUNC			= 5E11, G: TM
_JOYFUNCS			= 5E13, G: TM
_JUSTLIT			= A562, G: TM
_KEYS				= 5E07, G: TM
_KEYS_OLD			= A7C7, G: TM
_KILLED_OLD			= A47C, G: TM
_LIFE_OLD			= A51A, G: TM
_LIGHTNING			= 8640, G: TM
_LIT				= A7C6, G: TM
_LOAD_TILESET_LOOP		= 983F, L: TM
_MAIN				= 9E93, G: TM
_MAINCOUNTER			= A547, G: TM
_MAPA				= 5E1B, G: TM
_MAP_ATTR			= A47F, G: TM
_MAP_BUFF			= A3E5, G: TM
_METATILE_ATTRS			= 6EB2, G: TM
_MY_EXTRA_ROUTINES		= 9980, G: TM
_MY_MALLOC			= 5DFA, G: TM
_N_PANT				= A536, G: TM
_OBJS_OLD			= A546, G: TM
_ON_COLLECTED			= 9A63, G: TM
_ON_ENTERING_SCREEN		= 993F, G: TM
_ON_PANT			= A532, G: TM
_ORIG_TILE			= A7D6, G: TM
_OVLDBL				= 8698, L: TM
_OVL_BUFF			= 8298, L: TM
_OVL_DEL			= 87AD, L: TM
_OVL_DRAW_BUFF			= 8690, L: TM
_OVL_DRAW_SCR			= 86DF, L: TM
_OVL_HALO			= 8258, L: TM
_OVL_X				= A51C, G: TM
_OVL_Y				= A51D, G: TM
_PAD				= A561, G: TM
_PLAYER_FRAMES			= 7C72, G: TM
_PLAYER_INIT			= 8EFE, G: TM
_PLAYER_KILL			= 8F49, G: TM
_PLAYER_MOVE			= 8F80, G: TM
_PLAYER_MOVE_HORZ_COL_DONE	= 9337, L: TM
_PLAYER_MOVE_HORZ_COL_ELSE	= 9324, L: TM
_PLAYER_MOVE_HORZ_COL_LEFT	= 9298, L: TM
_PLAYER_MOVE_HORZ_COL_LEFT_DO	= 92BC, L: TM
_PLAYER_MOVE_HORZ_COL_RIGHT	= 92DE, L: TM
_PLAYER_MOVE_HORZ_COL_RIGHT_DO	= 9302, L: TM
_PLAYER_MOVE_HORZ_EVIL_DO	= 9332, L: TM
_PLAYER_MOVE_HORZ_PAD_CANCEL	= 91B2, L: TM
_PLAYER_MOVE_HORZ_PAD_CANCEL_NO	= 91B5, L: TM
_PLAYER_MOVE_HORZ_PAD_DONE	= 9209, L: TM
_PLAYER_MOVE_HORZ_PAD_LEFT	= 91BB, L: TM
_PLAYER_MOVE_HORZ_PAD_LEFT_1	= 9195, L: TM
_PLAYER_MOVE_HORZ_PAD_LEFT_A	= 91CF, L: TM
_PLAYER_MOVE_HORZ_PAD_LEFT_DONE	= 91D1, L: TM
_PLAYER_MOVE_HORZ_PAD_LEFT_SET	= 9197, L: TM
_PLAYER_MOVE_HORZ_PAD_NO_NEG	= 91FF, L: TM
_PLAYER_MOVE_HORZ_PAD_NO_POS	= 91F6, L: TM
_PLAYER_MOVE_HORZ_PAD_RIGHT	= 91D7, L: TM
_PLAYER_MOVE_HORZ_PAD_RIGHT_1	= 91A4, L: TM
_PLAYER_MOVE_HORZ_PAD_RIGHT_A	= 91E8, L: TM
_PLAYER_MOVE_HORZ_PAD_RIGHT_DON	= 91EF, L: TM
_PLAYER_MOVE_HORZ_PAD_RIGHT_SET	= 91A6, L: TM
_PLAYER_MOVE_JUMP_DO		= 9158, L: TM
_PLAYER_MOVE_JUMP_DONE		= 918B, L: TM
_PLAYER_MOVE_JUMP_DO_P_VY_NS	= 9178, L: TM
_PLAYER_MOVE_JUMP_DO_P_VY_S	= 9173, L: TM
_PLAYER_MOVE_JUMP_RESET		= 9187, L: TM
_PLAYER_MOVE_JUMP_START		= 9141, L: TM
_PLAYER_MOVE_JUMP_START_DONE	= 9152, L: TM
_PLAYER_MOVE_RDA_SET		= 9123, L: TM
_PLAYER_MOVE_RDA_SET_0		= 9122, L: TM
_PLAYER_MOVE_RDA_SET_1		= 911E, L: TM
_PLAYER_MOVE_SELECT_CELL	= 93B7, L: TM
_PLAYER_MOVE_SELECT_CELL_A	= 93E7, L: TM
_PLAYER_MOVE_SELECT_CELL_B	= 93E8, L: TM
_PLAYER_MOVE_SELECT_CELL_DONE	= 9402, L: TM
_PLAYER_MOVE_SELECT_CELL_NOT_AI	= 93C7, L: TM
_PLAYER_MOVE_SELECT_CELL_WALK	= 93D1, L: TM
_PLAYER_MOVE_SET_PVX		= 9206, L: TM
_PLAYER_MOVE_STATE_DONE		= 8F91, L: TM
_PLAYER_MOVE_STATE_SET		= 8F8E, L: TM
_PLAYER_MOVE_VERT_COL_DONE	= 90EB, L: TM
_PLAYER_MOVE_VERT_COL_DOWN	= 9092, L: TM
_PLAYER_MOVE_VERT_COL_DOWN_DO	= 90CB, L: TM
_PLAYER_MOVE_VERT_COL_ELSE	= 90EB, L: TM
_PLAYER_MOVE_VERT_COL_UP	= 904B, L: TM
_PLAYER_MOVE_VERT_COL_UP_DO	= 9070, L: TM
_PLAYER_SELECT_CELL_SET		= 93F1, L: TM
_PLAYING			= A540, G: TM
_POSSEE				= A7D5, G: TM
_PREGOTTEN			= A3E3, G: TM
_PRINT_NUMBER2			= 8BE6, G: TM
_PRINT_STR			= 8C50, G: TM
_PRX				= A7CD, G: TM
_PRXC				= A551, G: TM
_PRXX				= A558, G: TM
_PRY				= A7CE, G: TM
_PRYC				= A552, G: TM
_PRYY				= A55B, G: TM
_PTGMX				= A520, G: TM
_PTGMY				= A521, G: TM
_P_CT_STATE			= A7C8, G: TM
_P_CURRENT_FRAME		= A51E, G: TM
_P_DISPARANDO			= A7DF, G: TM
_P_FACING			= A3E1, G: TM
_P_FACING_H			= A7D2, G: TM
_P_FACING_V			= A7D3, G: TM
_P_FRAME			= A3E2, G: TM
_P_FUEL				= A538, G: TM
_P_GOTTEN			= A53B, G: TM
_P_JUMP_CT			= A52B, G: TM
_P_KEYS				= A53F, G: TM
_P_KILLED			= A534, G: TM
_P_KILLME			= A535, G: TM
_P_LIFE				= A537, G: TM
_P_NEXT_FRAME			= A549, G: TM
_P_OBJS				= A53A, G: TM
_P_PAD				= A47E, G: TM
_P_SALTANDO			= A7D4, G: TM
_P_SALTO			= A516, G: TM
_P_STATE			= A51B, G: TM
_P_SUBFRAME			= A55A, G: TM
_P_VX				= A544, G: TM
_P_VY				= A545, G: TM
_P_X				= A566, G: TM
_P_Y				= A7C0, G: TM
_RAND				= 8CA3, G: TM
_RAND_RES			= A7D0, G: TM
_RAY_ON				= A55F, G: TM
_RDA				= A564, G: TM
_RDB				= A565, G: TM
_RDCT				= A543, G: TM
_RDS				= A7C9, G: TM
_RDT				= A7CA, G: TM
_RDX				= A7CB, G: TM
_RDY				= A7CC, G: TM
_SEED				= A541, G: TM
_SELECT_JOYFUNC			= 8D6C, G: TM
_SPACER				= 5E19, G: TM
_SPRITESET			= 6F82, G: TM
_SPRITES_OFF			= 8DA8, G: TM
_SP_MOVILES			= A3CD, G: TM
_SP_PLAYER			= A52C, G: TM
_STEP				= 8AE5, G: TM
_SUCCESS			= A7DB, G: TM
_SYSTEM_INIT			= 9807, G: TM
_S_ENDING			= 81B4, G: TM
_S_TITLE			= 7C9A, G: TM
_TILESET			= 66B2, G: TM
_TOCADO				= A7D1, G: TM
_UPDATE				= A7D7, G: TM
_U_FREE				= 5E05, G: TM
_U_MALLOC			= 5E03, G: TM
__EN_MX				= A3DD, G: TM
__EN_MY				= A3DE, G: TM
__EN_T				= A3CA, G: TM
__EN_X				= A3CB, G: TM
__EN_X1				= A3D3, G: TM
__EN_X2				= A3D5, G: TM
__EN_Y				= A3CC, G: TM
__EN_Y1				= A3D4, G: TM
__EN_Y2				= A3D6, G: TM
__T				= A517, G: TM
__TAUX				= A3DF, G: TM
__X				= A518, G: TM
__Y				= A519, G: TM


START				= 5DC0, L: ZX82_CRT0
_BEHS				= 5DC6, G: TM
VPCLIPSTRUCT			= 5DF6, L: TM
_MY_MALLOC			= 5DFA, G: TM
_U_MALLOC			= 5E03, G: TM
_U_FREE				= 5E05, G: TM
_KEYS				= 5E07, G: TM
_JOYFUNC			= 5E11, G: TM
_JOYFUNCS			= 5E13, G: TM
_SPACER				= 5E19, G: TM
_MAPA				= 5E1B, G: TM
_TILESET			= 66B2, G: TM
_METATILE_ATTRS			= 6EB2, G: TM
_SPRITESET			= 6F82, G: TM
_BADDIES			= 79A2, G: TM
_HOTSPOTS			= 7C2A, G: TM
_PLAYER_FRAMES			= 7C72, G: TM
_ENEM_FRAMES			= 7C8A, G: TM
_S_TITLE			= 7C9A, G: TM
_S_ENDING			= 81B4, G: TM
_OVL_HALO			= 8258, L: TM
_OVL_BUFF			= 8298, L: TM
_LIGHTNING			= 8640, G: TM
MB1				= 864A, L: TM
_OVL_DRAW_BUFF			= 8690, L: TM
_DRAW_BUFF			= 8690, G: TM
_OVLDBL				= 8698, L: TM
_OVL_DRAW_SCR			= 86DF, L: TM
_OVL_DEL			= 87AD, L: TM
DEPACK				= 8869, L: TM
APBRANCH1			= 886C, L: TM
APLOOP0				= 886E, L: TM
APLOOP				= 8871, L: TM
APGET4BITS			= 8884, L: TM
APWRITEBYTE			= 888E, L: TM
APBRANCH4			= 8892, L: TM
APBRANCH3			= 889B, L: TM
APBRANCH2			= 88AF, L: TM
APSKIP2				= 88CE, L: TM
APSKIP3				= 88D7, L: TM
AP_FINISHUP			= 88DA, L: TM
AP_FINISHUP2			= 88DD, L: TM
AP_R0_GAMMA			= 88E4, L: TM
AP_GETBIT			= 88F0, L: TM
AP_GETGAMMA			= 88FC, L: TM
AP_GETGAMMALOOP			= 88FF, L: TM
SOUND_PLAY			= 890C, L: TM
READDATA			= 891D, L: TM
READDATA_SOUND			= 8926, L: TM
SFXROUTINETONE			= 8938, L: TM
SFXROUTINETONE_L0		= 8947, L: TM
SFXROUTINETONE_L1		= 894B, L: TM
SFXROUTINETONE_DUTY		= 894D, L: TM
SFXROUTINETONE_BORDER		= 8952, L: TM
NEXTDATA			= 8975, L: TM
SFXROUTINENOISE			= 8979, L: TM
SFXROUTINENOISE_L0		= 8980, L: TM
SFXROUTINENOISE_L1		= 8984, L: TM
SFXROUTINENOISE_BORDER		= 8987, L: TM
SFXROUTINENOISE_L2		= 8994, L: TM
SOUNDEFFECTSDATA		= 89A8, L: TM
SOUNDEFFECTSDATA_SFX0		= 89C0, L: TM
SOUNDEFFECTSDATA_SFX1		= 89CC, L: TM
SOUNDEFFECTSDATA_SFX2		= 89D8, L: TM
SOUNDEFFECTSDATA_SFX3		= 89F2, L: TM
SOUNDEFFECTSDATA_SFX4		= 89FE, L: TM
SOUNDEFFECTSDATA_SFX5		= 8A0A, L: TM
SOUNDEFFECTSDATA_SFX6		= 8A16, L: TM
SOUNDEFFECTSDATA_SFX7		= 8A2D, L: TM
SOUNDEFFECTSDATA_SFX8		= 8A70, L: TM
SOUNDEFFECTSDATA_SFX9		= 8A8A, L: TM
SOUNDEFFECTSDATA_SFX10		= 8A92, L: TM
SOUNDEFFECTSDATA_SFX11		= 8A9A, L: TM
_FX_BEEPER			= 8AC7, G: TM
_STEP				= 8AE5, G: TM
_AY_REGS			= 8AF7, G: TM
_FX_AY				= 8B05, G: TM
I_10				= 8B45, L: TM
I_12				= 8B4F, L: TM
I_11				= 8B76, L: TM
_DRAW_COLOURED_TILE		= 8B77, G: TM
_INVALIDATE_TILE		= 8BBD, G: TM
_INVALIDATE_VIEWPORT		= 8BD6, G: TM
_PRINT_NUMBER2			= 8BE6, G: TM
_DRAW_OBJS			= 8C39, G: TM
_PRINT_STR			= 8C50, G: TM
PRINT_STR_LOOP			= 8C50, L: TM
_CORTINA			= 8C6F, G: TM
CLEARB1				= 8C74, L: TM
CLEARB2				= 8C77, L: TM
REPITATODO			= 8C83, L: TM
BUCLE				= 8C89, L: TM
BUCLE1				= 8C8C, L: TM
BUCLE2				= 8C94, L: TM
_RAND				= 8CA3, G: TM
RAND16				= 8CA3, L: TM
NEXTRAND			= 8CBB, L: TM
_ADDSIGN			= 8CC5, G: TM
I_13				= 8CD6, L: TM
I_14				= 8CDE, L: TM
_BUSY_WAIT			= 8CDF, G: TM
I_17				= 8CDF, L: TM
I_20				= 8CE6, L: TM
I_18				= 8CED, L: TM
I_19				= 8CFC, L: TM
I_21				= 8D04, L: TM
I_15				= 8D04, L: TM
I_16				= 8D0E, L: TM
_CM_TWO_POINTS			= 8D0F, G: TM
_CM_TWO_POINTS_AT1_RESET	= 8D1D, L: TM
_CM_TWO_POINTS_AT1_DO		= 8D20, L: TM
_CM_TWO_POINTS_AT1_DONE		= 8D3A, L: TM
_CM_TWO_POINTS_AT2_RESET	= 8D4B, L: TM
_CM_TWO_POINTS_AT2_DO		= 8D4E, L: TM
_CM_TWO_POINTS_AT2_DONE		= 8D68, L: TM
_SELECT_JOYFUNC			= 8D6C, G: TM
I_22				= 8D6F, L: TM
I_25_UGE			= 8D7F, L: TM
I_25				= 8D88, L: TM
I_26_I_25			= 8D8B, L: TM
I_24				= 8DA4, L: TM
I_23				= 8DA7, L: TM
_SPRITES_OFF			= 8DA8, G: TM
HIDE_SPRITES_ENEMS_LOOP		= 8DBD, L: TM
_ADVANCE_WORM			= 8DE8, G: TM
_ADVANCE_WORM_CONTINUE		= 8E1F, L: TM
_DRAW_SCR			= 8E27, G: TM
_DRAW_SCR_GET_SCR_ADDRESS	= 8E2F, L: TM
_DRAW_SCR_RLE			= 8E45, L: TM
_DRAW_SCR_LOOP			= 8E53, L: TM
_DRAW_SCR_ADVANCE_LOOP		= 8E6C, L: TM
_DRAW_SCR_ADVANCE_LOOP_DONE	= 8E7D, L: TM
_HOTSPOTS_SETUP			= 8E82, L: TM
_DRAW_SCR_LOOP_DONE		= 8E82, L: TM
_HOTSPOTS_SETUP_DO		= 8EA0, L: TM
_HOTSPOTS_SETUP_DONE		= 8EFA, L: TM
_PLAYER_INIT			= 8EFE, G: TM
_PLAYER_KILL			= 8F49, G: TM
I_27				= 8F6C, L: TM
I_28				= 8F73, L: TM
_PLAYER_MOVE			= 8F80, G: TM
_PLAYER_MOVE_STATE_SET		= 8F8E, L: TM
_PLAYER_MOVE_STATE_DONE		= 8F91, L: TM
I_29				= 8FB6, L: TM
I_30				= 8FC1, L: TM
I_31				= 8FD3, L: TM
I_32				= 8FED, L: TM
I_33				= 9000, L: TM
_PLAYER_MOVE_VERT_COL_UP	= 904B, L: TM
_PLAYER_MOVE_VERT_COL_UP_DO	= 9070, L: TM
_PLAYER_MOVE_VERT_COL_DOWN	= 9092, L: TM
_PLAYER_MOVE_VERT_COL_DOWN_DO	= 90CB, L: TM
_PLAYER_MOVE_VERT_COL_ELSE	= 90EB, L: TM
_PLAYER_MOVE_VERT_COL_DONE	= 90EB, L: TM
_PLAYER_MOVE_RDA_SET_1		= 911E, L: TM
_PLAYER_MOVE_RDA_SET_0		= 9122, L: TM
_PLAYER_MOVE_RDA_SET		= 9123, L: TM
_PLAYER_MOVE_JUMP_START		= 9141, L: TM
_PLAYER_MOVE_JUMP_START_DONE	= 9152, L: TM
_PLAYER_MOVE_JUMP_DO		= 9158, L: TM
_PLAYER_MOVE_JUMP_DO_P_VY_S	= 9173, L: TM
_PLAYER_MOVE_JUMP_DO_P_VY_NS	= 9178, L: TM
_PLAYER_MOVE_JUMP_RESET		= 9187, L: TM
_PLAYER_MOVE_JUMP_DONE		= 918B, L: TM
_PLAYER_MOVE_HORZ_PAD_LEFT_1	= 9195, L: TM
_PLAYER_MOVE_HORZ_PAD_LEFT_SET	= 9197, L: TM
_PLAYER_MOVE_HORZ_PAD_RIGHT_1	= 91A4, L: TM
_PLAYER_MOVE_HORZ_PAD_RIGHT_SET	= 91A6, L: TM
_PLAYER_MOVE_HORZ_PAD_CANCEL	= 91B2, L: TM
_PLAYER_MOVE_HORZ_PAD_CANCEL_NO	= 91B5, L: TM
_PLAYER_MOVE_HORZ_PAD_LEFT	= 91BB, L: TM
_PLAYER_MOVE_HORZ_PAD_LEFT_A	= 91CF, L: TM
_PLAYER_MOVE_HORZ_PAD_LEFT_DONE	= 91D1, L: TM
_PLAYER_MOVE_HORZ_PAD_RIGHT	= 91D7, L: TM
_PLAYER_MOVE_HORZ_PAD_RIGHT_A	= 91E8, L: TM
_PLAYER_MOVE_HORZ_PAD_RIGHT_DON	= 91EF, L: TM
_PLAYER_MOVE_HORZ_PAD_NO_POS	= 91F6, L: TM
_PLAYER_MOVE_HORZ_PAD_NO_NEG	= 91FF, L: TM
_PLAYER_MOVE_SET_PVX		= 9206, L: TM
_PLAYER_MOVE_HORZ_PAD_DONE	= 9209, L: TM
I_34				= 923A, L: TM
I_35				= 924D, L: TM
_PLAYER_MOVE_HORZ_COL_LEFT	= 9298, L: TM
_PLAYER_MOVE_HORZ_COL_LEFT_DO	= 92BC, L: TM
_PLAYER_MOVE_HORZ_COL_RIGHT	= 92DE, L: TM
_PLAYER_MOVE_HORZ_COL_RIGHT_DO	= 9302, L: TM
_PLAYER_MOVE_HORZ_COL_ELSE	= 9324, L: TM
_PLAYER_MOVE_HORZ_EVIL_DO	= 9332, L: TM
_PLAYER_MOVE_HORZ_COL_DONE	= 9337, L: TM
I_36				= 9366, L: TM
I_37				= 938D, L: TM
I_38				= 938D, L: TM
I_40				= 939B, L: TM
I_41_I_40			= 939E, L: TM
I_39				= 93A5, L: TM
_PLAYER_MOVE_SELECT_CELL	= 93B7, L: TM
_PLAYER_MOVE_SELECT_CELL_NOT_AI	= 93C7, L: TM
_PLAYER_MOVE_SELECT_CELL_WALK	= 93D1, L: TM
_PLAYER_MOVE_SELECT_CELL_A	= 93E7, L: TM
_PLAYER_MOVE_SELECT_CELL_B	= 93E8, L: TM
_PLAYER_SELECT_CELL_SET		= 93F1, L: TM
_PLAYER_MOVE_SELECT_CELL_DONE	= 9402, L: TM
_ENEMS_GET_POINTER		= 941E, G: TM
_ENEMS_INIT			= 942E, G: TM
_ENEMS_INIT_LOOP		= 943B, L: TM
_ENEMS_INIT_LINEAR		= 9471, L: TM
_ENEMS_INIT_LINEAR_DONE		= 947B, L: TM
_ENEMS_INIT_TYPE_DONE		= 947B, L: TM
_ENEMS_MOVE			= 9480, G: TM
I_42				= 94A9, L: TM
I_44				= 94AE, L: TM
_ENEMS_MOVE_PREGOTTEN_NOT	= 953B, L: TM
_ENEMS_MOVE_PREGOTTEN_SET	= 953C, L: TM
I_48				= 954B, L: TM
I_52				= 9563, L: TM
I_50				= 9563, L: TM
I_51				= 9563, L: TM
I_49				= 9563, L: TM
_ENEMS_LM_CHANGE_AXIS_X		= 9580, L: TM
_ENEMS_LM_CHANGE_AXIS_X_DONE	= 9588, L: TM
_ENEMS_LM_CHANGE_AXIS_Y		= 95A0, L: TM
_ENEMS_LM_CHANGE_AXIS_Y_DONE	= 95A8, L: TM
I_53				= 95AB, L: TM
I_45				= 95C4, L: TM
I_47				= 95C4, L: TM
_ENEMS_MOVE_ANIMATE_FRAME_FLIP	= 95DE, L: TM
_ENEMS_MOVE_ANIMATE_COUNT_SET	= 9607, L: TM
I_54				= 9608, L: TM
_ENEMS_PLATS_HORZ_DO		= 964A, L: TM
_ENEMS_PLATS_VERT_CHECK_1	= 965F, L: TM
_ENEMS_PLATS_HORZ_DONE		= 965F, L: TM
_ENEMS_PLATS_VERT_CHECK_2	= 967E, L: TM
_ENEMS_PLATS_VERT_DO		= 968F, L: TM
_ENEMS_PLATS_PRY_SET		= 96A6, L: TM
_ENEMS_PLATS_VERT_DONE		= 96B9, L: TM
_ENEMS_COLLISION		= 96BF, L: TM
I_56				= 96BF, L: TM
_ENEMS_COLLISION_DO		= 96FB, L: TM
_ENEMS_COLLISION_DONE		= 9705, L: TM
_CONTINUE_ENEMS_LOOP_A		= 9705, L: TM
I_58				= 9705, L: TM
I_57				= 9705, L: TM
I_55				= 9705, L: TM
I_43				= 9737, L: TM
_GAME_ENDING			= 9738, G: TM
I_61				= 9750, L: TM
I_59				= 9760, L: TM
I_60				= 976F, L: TM
_GAME_OVER			= 9780, G: TM
I_64				= 97D7, L: TM
I_62				= 97E7, L: TM
I_63				= 97F6, L: TM
_SYSTEM_INIT			= 9807, G: TM
_LOAD_TILESET_LOOP		= 983F, L: TM
I_65				= 989D, L: TM
I_67				= 98A2, L: TM
I_66				= 993E, L: TM
_ON_ENTERING_SCREEN		= 993F, G: TM
I_69				= 996B, L: TM
I_70_I_69			= 996E, L: TM
I_68				= 9978, L: TM
I_71				= 997F, L: TM
_MY_EXTRA_ROUTINES		= 9980, G: TM
I_74				= 99A6, L: TM
I_75_I_74			= 99A9, L: TM
I_73				= 99B0, L: TM
I_76				= 99CD, L: TM
I_77				= 99CD, L: TM
I_79				= 99EA, L: TM
I_80_I_79			= 99ED, L: TM
I_78				= 99FA, L: TM
I_83				= 9A23, L: TM
I_82				= 9A45, L: TM
I_81				= 9A45, L: TM
I_72				= 9A45, L: TM
_GAME_WIN_CONDITION		= 9A4F, G: TM
_ON_COLLECTED			= 9A63, G: TM
I_86				= 9A80, L: TM
I_87_I_86			= 9A83, L: TM
I_85				= 9A95, L: TM
_DO_GAME			= 9A99, G: TM
I_88				= 9A99, L: TM
I_90				= 9ABE, L: TM
I_91				= 9AE5, L: TM
I_92				= 9B38, L: TM
I_94				= 9B62, L: TM
I_95				= 9B73, L: TM
I_96				= 9B97, L: TM
I_97				= 9BC7, L: TM
UPDATE_SPRITES_BADDIES_LOOP	= 9BE6, L: TM
UPDATE_SPRITES_PLAYER		= 9C66, L: TM
_HOTSPOTS_COLLISION		= 9CB2, L: TM
I_98				= 9CB2, L: TM
_HOTSPOTS_DO			= 9CE6, L: TM
_HOTSPOTS_TYPE_1_DO		= 9CF1, L: TM
_HOTSPOTS_TYPE_1_DONE		= 9D0D, L: TM
_HOTSPOTS_CLEAR_CHECK		= 9D0D, L: TM
_HOTSPOTS_DONE			= 9D52, L: TM
I_100				= 9D69, L: TM
I_101_I_100			= 9D6C, L: TM
I_99				= 9D86, L: TM
I_103				= 9D9D, L: TM
I_104_I_103			= 9DA0, L: TM
I_102				= 9DB6, L: TM
I_106_UGE			= 9DD8, L: TM
I_106				= 9DDA, L: TM
I_107_I_106			= 9DDD, L: TM
I_105				= 9DFC, L: TM
I_109				= 9E13, L: TM
I_110_I_109			= 9E16, L: TM
I_112				= 9E57, L: TM
I_111				= 9E57, L: TM
I_108				= 9E57, L: TM
I_113				= 9E6B, L: TM
I_93				= 9E6E, L: TM
I_114				= 9E89, L: TM
I_115				= 9E8C, L: TM
I_89				= 9E92, L: TM
_MAIN				= 9E93, G: TM
MUSICSTART			= 9E9A, L: TM
PLAYER				= 9EBE, L: TM
NEXT_PATTERN			= 9EDF, L: TM
PATTERN_LOOP_END		= 9EE5, L: TM
PATTERN_LOOP_BEGIN		= 9EE9, L: TM
NO_PATTERN_LOOP			= 9EEA, L: TM
MAIN_LOOP			= 9EF3, L: TM
READ_LOOP			= 9EF6, L: TM
CURRENT_INST			= 9F35, L: TM
L8098				= 9F3E, L: TM
L809B				= 9F41, L: TM
SET_NOTE2			= 9F67, L: TM
SET_STOP			= 9F7B, L: TM
SET_STOP2			= 9F94, L: TM
OTHER				= 9F9F, L: TM
INSTRUM_TBL			= 9FB6, L: TM
SKIP_CH1			= 9FBF, L: TM
EXIT_PLAYER			= 9FC5, L: TM
RENDER				= 9FCC, L: TM
CNT_1A				= 9FD6, L: TM
CNT_1B				= 9FDA, L: TM
DIV_1A				= 9FDD, L: TM
DIV_1B				= 9FE0, L: TM
OUT_1				= 9FE3, L: TM
CNT_2				= 9FE7, L: TM
DIV_2				= 9FEA, L: TM
OUT_2				= 9FED, L: TM
PLAY_NOTE			= 9FEE, L: TM
PLAYER_WAIT_KEY			= 9FF5, L: TM
L8168				= 9FFA, L: TM
L8171				= A003, L: TM
L8173				= A005, L: TM
L8179				= A00B, L: TM
L817B				= A00D, L: TM
L8184				= A016, L: TM
L8186				= A018, L: TM
L818A				= A01C, L: TM
L8193				= A025, L: TM
L8195				= A027, L: TM
L819B				= A02D, L: TM
L819D				= A02F, L: TM
L81A6				= A038, L: TM
L81A8				= A03A, L: TM
L81AC				= A03E, L: TM
L81B5				= A047, L: TM
L81B7				= A049, L: TM
L81BD				= A04F, L: TM
L81BF				= A051, L: TM
L81C8				= A05A, L: TM
L81CA				= A05C, L: TM
L81CE				= A060, L: TM
L81D7				= A069, L: TM
L81D9				= A06B, L: TM
L81DF				= A071, L: TM
L81E1				= A073, L: TM
L81EA				= A07C, L: TM
L81EC				= A07E, L: TM
L81F9				= A08B, L: TM
L81FB				= A08D, L: TM
L8201				= A093, L: TM
L8203				= A095, L: TM
L820C				= A09E, L: TM
L820E				= A0A0, L: TM
DRUMS				= A0B9, L: TM
DRUM_TONE1			= A0C6, L: TM
DRUM_TONE2			= A0CA, L: TM
DRUM_TONE3			= A0CE, L: TM
DRUM_TONE4			= A0D2, L: TM
DRUM_TONE5			= A0D6, L: TM
DRUM_TONE6			= A0DA, L: TM
DRUM_TONE			= A0DC, L: TM
DT_LOOP0			= A0E3, L: TM
DT_LOOP1			= A0F0, L: TM
DRUM_NOISE1			= A0F9, L: TM
DRUM_NOISE2			= A101, L: TM
DRUM_NOISE3			= A109, L: TM
DRUM_NOISE			= A10F, L: TM
DN_LOOP0			= A113, L: TM
DN_LOOP1			= A11B, L: TM
PATTERN_ADDR			= A127, L: TM
PATTERN_PTR			= A129, L: TM
NOTE_PTR			= A12A, L: TM
FREQ_TABLE			= A12C, L: TM
DRUM_TABLE			= A1A4, L: TM
MUSICDATA			= A1B6, L: TM
PATTERNDATA			= A1C6, L: TM
PAT0				= A1D2, L: TM
PAT1				= A242, L: TM
PAT2				= A2B9, L: TM
PAT3				= A32D, L: TM
I_1				= A3B0, L: TM
__EN_T				= A3CA, G: TM
__EN_X				= A3CB, G: TM
__EN_Y				= A3CC, G: TM
_SP_MOVILES			= A3CD, G: TM
__EN_X1				= A3D3, G: TM
__EN_Y1				= A3D4, G: TM
__EN_X2				= A3D5, G: TM
__EN_Y2				= A3D6, G: TM
_EN_AN_BASE_FRAME		= A3D7, G: TM
_HOTSPOT_T			= A3DA, G: TM
_HOTSPOT_X			= A3DB, G: TM
_HOTSPOT_Y			= A3DC, G: TM
__EN_MX				= A3DD, G: TM
__EN_MY				= A3DE, G: TM
__TAUX				= A3DF, G: TM
_HALF_LIFE			= A3E0, G: TM
_P_FACING			= A3E1, G: TM
_P_FRAME			= A3E2, G: TM
_PREGOTTEN			= A3E3, G: TM
_HIT_H				= A3E4, G: TM
_MAP_BUFF			= A3E5, G: TM
_HIT_V				= A47B, G: TM
_KILLED_OLD			= A47C, G: TM
_GPAUX				= A47D, G: TM
_P_PAD				= A47E, G: TM
_MAP_ATTR			= A47F, G: TM
_ACTIVE				= A515, G: TM
_P_SALTO			= A516, G: TM
__T				= A517, G: TM
__X				= A518, G: TM
__Y				= A519, G: TM
_LIFE_OLD			= A51A, G: TM
_P_STATE			= A51B, G: TM
_OVL_X				= A51C, G: TM
_OVL_Y				= A51D, G: TM
_P_CURRENT_FRAME		= A51E, G: TM
_PTGMX				= A520, G: TM
_PTGMY				= A521, G: TM
_EN_AN_CURRENT_FRAME		= A522, G: TM
_EN_AN_LIFE			= A528, G: TM
_P_JUMP_CT			= A52B, G: TM
_SP_PLAYER			= A52C, G: TM
_GP_GEN				= A52E, G: TM
_GP_MAP				= A530, G: TM
_ON_PANT			= A532, G: TM
_ENOFFS				= A533, G: TM
_P_KILLED			= A534, G: TM
_P_KILLME			= A535, G: TM
_N_PANT				= A536, G: TM
_P_LIFE				= A537, G: TM
_P_FUEL				= A538, G: TM
_GPCX				= A539, G: TM
_P_OBJS				= A53A, G: TM
_P_GOTTEN			= A53B, G: TM
_GPCY				= A53C, G: TM
_GPIT				= A53D, G: TM
_GPJT				= A53E, G: TM
_P_KEYS				= A53F, G: TM
_PLAYING			= A540, G: TM
_SEED				= A541, G: TM
_RDCT				= A543, G: TM
_P_VX				= A544, G: TM
_P_VY				= A545, G: TM
_OBJS_OLD			= A546, G: TM
_MAINCOUNTER			= A547, G: TM
_DO_ATTRS			= A548, G: TM
_P_NEXT_FRAME			= A549, G: TM
_EN_AN_NEXT_FRAME		= A54B, G: TM
_PRXC				= A551, G: TM
_PRYC				= A552, G: TM
_AT1				= A553, G: TM
_AT2				= A554, G: TM
_CX1				= A555, G: TM
_CX2				= A556, G: TM
_CY1				= A557, G: TM
_PRXX				= A558, G: TM
_CY2				= A559, G: TM
_P_SUBFRAME			= A55A, G: TM
_PRYY				= A55B, G: TM
_ANIMATE			= A55C, G: TM
_GPC				= A55D, G: TM
_GPD				= A55E, G: TM
_RAY_ON				= A55F, G: TM
_HIT				= A560, G: TM
_PAD				= A561, G: TM
_JUSTLIT			= A562, G: TM
_GPT				= A563, G: TM
_RDA				= A564, G: TM
_RDB				= A565, G: TM
_P_X				= A566, G: TM
_AD_FREE			= A568, G: TM
_P_Y				= A7C0, G: TM
_GPX				= A7C2, G: TM
_GPY				= A7C3, G: TM
_ITJ				= A7C4, G: TM
_LIT				= A7C6, G: TM
_KEYS_OLD			= A7C7, G: TM
_P_CT_STATE			= A7C8, G: TM
_RDS				= A7C9, G: TM
_RDT				= A7CA, G: TM
_RDX				= A7CB, G: TM
_RDY				= A7CC, G: TM
_PRX				= A7CD, G: TM
_PRY				= A7CE, G: TM
_ENOFFSMASI			= A7CF, G: TM
_RAND_RES			= A7D0, G: TM
_TOCADO				= A7D1, G: TM
_P_FACING_H			= A7D2, G: TM
_P_FACING_V			= A7D3, G: TM
_P_SALTANDO			= A7D4, G: TM
_POSSEE				= A7D5, G: TM
_ORIG_TILE			= A7D6, G: TM
_UPDATE				= A7D7, G: TM
_EN_AN_FRAME			= A7D8, G: TM
_SUCCESS			= A7DB, G: TM
_EN_AN_COUNT			= A7DC, G: TM
_P_DISPARANDO			= A7DF, G: TM
L_AND				= A7E0, G: L_AND
L_ASL				= A7E7, G: L_ASL
L_ASL1				= A7E8, L: L_ASL
L_ASR				= A7EE, G: L_ASR
L_ASR1				= A7EF, L: L_ASR
L_DIV_U				= A7F8, G: L_DIV_U
ENTRY				= A7FC, L: L_DIV_U
L_DIV1				= A803, L: L_DIV_U
L_DIV2				= A80D, L: L_DIV_U
L_EQ				= A817, G: L_EQ
L_GCHAR				= A81E, G: L_GCHAR
L_SXT				= A81F, L: L_GCHAR
L_GINT				= A824, G: L_GINT
L_GT				= A829, G: L_GT
L_LE				= A835, G: L_LE
L_LNEG				= A843, G: L_LNEG
L_LT				= A848, G: L_LT
L_NE				= A854, G: L_NE
L_NEG				= A85B, G: L_NEG
L_PINT				= A863, G: L_PINT
L_SXT				= A869, G: L_SXT
L_ULT				= A86E, G: L_ULT
SPCOMPDLISTADDR			= A874, G: SPCOMPDLISTADDR
SPDISPLAYLIST			= A885, G: SPDISPLAYLIST
SPINVALIDATE			= B485, G: SPINVALIDATE
SPINVALIDATEP			= B48D, G: SPINVALIDATE
NOINC1				= B4A6, L: SPINVALIDATE
INVCOLLP			= B4AA, L: SPINVALIDATE
NOINC2				= B4B9, L: SPINVALIDATE
INVFULLCHAR			= B4BD, L: SPINVALIDATE
INVROWLP			= B4BF, L: SPINVALIDATE
NOINC3				= B4CA, L: SPINVALIDATE
SPBITLEFT2MASK			= B4D8, G: SPBITLEFT2MASK
SPBITRIGHT2MASK			= B4E0, G: SPBITRIGHT2MASK
SPCOMPDIRTYADDR			= B4E8, G: SPCOMPDIRTYADDR
SPDIRTYCHARS			= B4FD, G: SPDIRTYCHARS
SPINTRECT			= B55D, G: SPINTRECT
SPINTSMALLIVAL			= B58E, G: SPINTRECT
TRYOTHERWAY			= B5A2, L: SPINTRECT
SPPTINSMALLIVAL			= B5B3, G: SPINTRECT
BROKEN				= B5BF, L: SPINTRECT
SPMOVESPRABS			= B5C8, G: SPMOVESPRABS
SPMOVESPRABSNC			= B5D6, G: SPMOVESPRABS
ADJLOOP				= B5E1, L: SPMOVESPRABS
SPMOVESPRABSC			= B5EF, G: SPMOVESPRABS
YINSCREEN			= B607, L: SPMOVESPRABS
XINSCREEN			= B617, L: SPMOVESPRABS
MVCOLLOOP			= B62E, L: SPMOVESPRABS
MVROWLOOP			= B634, L: SPMOVESPRABS
NOTDONE				= B63E, L: SPMOVESPRABS
NOINC1				= B656, L: SPMOVESPRABS
NOTINDLIST			= B66A, L: SPMOVESPRABS
NONEXT1				= B66A, L: SPMOVESPRABS
PDLOOP				= B687, L: SPMOVESPRABS
NOINC2				= B68F, L: SPMOVESPRABS
PUTHERE				= B6A1, L: SPMOVESPRABS
NOINC3				= B6B0, L: SPMOVESPRABS
NODEC1				= B6BE, L: SPMOVESPRABS
NOINC4				= B6CA, L: SPMOVESPRABS
NOTDISPLAYED			= B6D7, L: SPMOVESPRABS
NONEXT2				= B6D7, L: SPMOVESPRABS
INVALIDATE			= B6F2, L: SPMOVESPRABS
COMPUTEDISP			= B701, L: SPMOVESPRABS
NOTNEGATIVE			= B71F, L: SPMOVESPRABS
ADJUSTGRAPHICS			= B724, L: SPMOVESPRABS
NOINC5				= B730, L: SPMOVESPRABS
SKIP1				= B740, L: SPMOVESPRABS
SKIP2				= B750, L: SPMOVESPRABS
SPNULLSPRPTR			= B753, G: SPNULLSPRPTR
SPPRINTATINV			= B763, G: SPPRINTATINV
SPBIT2MASK			= B77B, G: SPBIT2MASK
SPTBLLOOKUP			= B783, G: SPTBLLOOKUP
NOINC				= B789, L: SPTBLLOOKUP
SPTILEARRAY			= B78B, G: SPTILEARRAY
SP_ADDCOLSPR			= B98B, G: SP_ADDCOLSPR
SPADDCOLSPR			= B9AA, G: SPADDCOLSPR
ACNOCRY				= B9B5, L: SPADDCOLSPR
ACLOOP				= B9C6, L: SPADDCOLSPR
NOINC1				= BA02, L: SPADDCOLSPR
ACNOCRY3			= BA16, L: SPADDCOLSPR
ACFAIL				= BA43, L: SPADDCOLSPR
JPHL				= BA54, L: SPADDCOLSPR
SPDELETESPR			= BA55, G: SPDELETESPR
LOOP				= BA59, L: SPDELETESPR
SPDSLOOP			= BA66, G: SPDELETESPR
JPHL				= BA6E, L: SPDELETESPR
SP_ADDMEMORY			= BA6F, G: SP_ADDMEMORY
SPADDMEMORY			= BA88, G: SPADDMEMORY
IB1				= BA90, L: SPADDMEMORY
IB2				= BA97, L: SPADDMEMORY
SPFREEBLOCK			= BAA4, G: SPFREEBLOCK
SPFB1				= BAA9, G: SPFREEBLOCK
SPFB2				= BAB4, G: SPFREEBLOCK
SPQUEUETABLE			= BABF, G: SPQUEUETABLE
SP_BLOCKALLOC			= BAC1, G: SP_BLOCKALLOC
SPBLOCKALLOC			= BACF, G: SPBLOCKALLOC
SPALLOC				= BAD9, G: SPBLOCKALLOC
SP_BORDER			= BAEA, G: SP_BORDER
SPBORDERCLR			= BAF3, G: SPBORDER
SPBORDER			= BAF4, G: SPBORDER
SP_CREATESPR			= BAFC, G: SP_CREATESPR
SPCREATESPR			= BB19, G: SPCREATESPR
CSLOOP				= BB6A, L: SPCREATESPR
CSENTER				= BB7E, L: SPCREATESPR
NOTCOMPRESS			= BB90, L: SPCREATESPR
CONT				= BB95, L: SPCREATESPR
CSNOCRY				= BBAC, L: SPCREATESPR
CSFAIL1				= BBB6, L: SPCREATESPR
CSFAIL2				= BBB8, L: SPCREATESPR
JPHL				= BBC1, L: SPCREATESPR
SP_FREEBLOCK			= BBC2, G: SP_FREEBLOCK
SP_GETKEY			= BBCD, G: SP_GETKEY
KEYOK				= BBD3, L: SP_GETKEY
STATE				= BBD8, L: SPGETKEY
COUNT				= BBD9, L: SPGETKEY
SPKEYDEBOUNCE			= BBDA, G: SPGETKEY
SPKEYSTARTREPEAT		= BBDB, G: SPGETKEY
SPKEYREPEATPERIOD		= BBDC, G: SPGETKEY
SPINKEY				= BBDD, G: SPGETKEY
SPGETKEY			= BBEE, G: SPGETKEY
SCANLOOP			= BBF5, L: SPGETKEY
KEYROWLOOP			= BBF9, L: SPGETKEY
NOPRESS				= BC09, L: SPGETKEY
NEXTSCANROW			= BC0E, L: SPGETKEY
ATMAXCOUNT			= BC1F, L: SPGETKEY
SKIP				= BC36, L: SPGETKEY
NOCAPS				= BC4C, L: SPGETKEY
NOSYM				= BC57, L: SPGETKEY
TOOMANYKEYS			= BC5A, L: SPGETKEY
NOKEYS				= BC5A, L: SPGETKEY
SPKEYTRANSTBL			= BC62, G: SPKEYTRANSTBL
SP_INITIALIZE			= BD02, G: SP_INITIALIZE
SPINITIALIZE			= BD0E, G: SPINITIALIZE
ROTTBLLP			= BD34, L: SPINITIALIZE
ENTRYLP				= BD3B, L: SPINITIALIZE
ROTLP				= BD3E, L: SPINITIALIZE
LOOP				= BD57, L: SPINITIALIZE
CONT1				= BD5F, L: SPINITIALIZE
NOADD				= BD69, L: SPINITIALIZE
USERTILE			= BD6C, L: SPINITIALIZE
SP_JOYKEMPSTON			= BD71, G: SP_JOYKEMPSTON
SPJOYKEMPSTON			= BD78, G: SPJOYKEMPSTON
KEMPTBL				= BD83, L: SPJOYKEMPSTON
SP_JOYKEYBOARD			= BDA3, G: SP_JOYKEYBOARD
SPJOYKEYBOARD			= BDB1, G: SPJOYKEYBOARD
NOFIRE				= BDBE, L: SPJOYKEYBOARD
JKLOOP				= BDBE, L: SPJOYKEYBOARD
NOPRESS				= BDC9, L: SPJOYKEYBOARD
SP_JOYSINCLAIR1			= BDD0, G: SP_JOYSINCLAIR1
SPJOYSINCLAIR1			= BDD7, G: SPJOYSINCLAIR1
SINC1TBL			= BDE3, L: SPJOYSINCLAIR1
SP_UPDATENOW			= BE03, G: SP_UPDATENOW
TEMPGRAPHIC			= BE0C, L: SPUPDATENOW
TEMPCOLOUR			= BE14, L: SPUPDATENOW
UPDATE_ATTRS			= BE15, G: SPUPDATENOW
SPUPDATENOW			= BE16, G: SPUPDATENOW
DIRTYLOOP			= BE22, L: SPUPDATENOW
NOTACROSSBLK1			= BE32, L: SPUPDATENOW
REENTER				= BE3A, L: SPUPDATENOW
NOINC1				= BE3A, L: SPUPDATENOW
DIRTYAREA			= BE48, L: SPUPDATENOW
NOTACROSSBLK2			= BE82, L: SPUPDATENOW
TILEONLY			= BE89, L: SPUPDATENOW
NOINC11				= BE94, L: SPUPDATENOW
DRAWCHAR			= BEB8, L: SPUPDATENOW
NOTLOAD				= BEE6, L: SPUPDATENOW
NOINC10				= BEF1, L: SPUPDATENOW
SPRITELOOP			= BF06, L: SPUPDATENOW
DOSPRITE			= BF0A, L: SPUPDATENOW
COLOURSPRITE			= C014, L: SPUPDATENOW
CLEAR				= C016, L: SPUPDATENOW
COPYBUFFER			= C021, L: SPUPDATENOW
NOMORESPRITES			= C043, L: SPUPDATENOW
SKIPUPDATECOL			= C054, L: SPUPDATENOW
MASKNOROTATE			= C057, L: SPUPDATENOW
LOADTYPE			= C0A2, L: SPUPDATENOW
LOADNOROTATE			= C110, L: SPUPDATENOW
XORTYPE				= C12F, L: SPUPDATENOW
XORNOROTATE			= C1B5, L: SPUPDATENOW
ORTYPE				= C1E7, L: SPUPDATENOW
ORNOROTATE			= C26D, L: SPUPDATENOW
